Archive member included to satisfy reference by file (symbol)

/Applications/ArmGNUToolchain/14.2.rel1/arm-none-eabi/bin/../lib/gcc/arm-none-eabi/14.2.1/thumb/v6-m/nofp/libgcc.a(_dvmd_tls.o)
                              CMakeFiles/hello_world.dir/Users/vaughnnguyen/dev/sdk/pico-sdk/src/rp2_common/pico_divider/divider_hardware.S.o (__aeabi_idiv0)
/Applications/ArmGNUToolchain/14.2.rel1/arm-none-eabi/bin/../lib/gcc/arm-none-eabi/14.2.1/../../../../arm-none-eabi/lib/thumb/v6-m/nofp/libg.a(libc_a-calloc.o)
                              CMakeFiles/hello_world.dir/Users/vaughnnguyen/dev/sdk/pico-sdk/src/rp2_common/pico_malloc/malloc.c.o (calloc)
/Applications/ArmGNUToolchain/14.2.rel1/arm-none-eabi/bin/../lib/gcc/arm-none-eabi/14.2.1/../../../../arm-none-eabi/lib/thumb/v6-m/nofp/libg.a(libc_a-callocr.o)
                              /Applications/ArmGNUToolchain/14.2.rel1/arm-none-eabi/bin/../lib/gcc/arm-none-eabi/14.2.1/../../../../arm-none-eabi/lib/thumb/v6-m/nofp/libg.a(libc_a-calloc.o) (_calloc_r)
/Applications/ArmGNUToolchain/14.2.rel1/arm-none-eabi/bin/../lib/gcc/arm-none-eabi/14.2.1/../../../../arm-none-eabi/lib/thumb/v6-m/nofp/libg.a(libc_a-malloc.o)
                              CMakeFiles/hello_world.dir/Users/vaughnnguyen/dev/sdk/pico-sdk/src/rp2_common/pico_malloc/malloc.c.o (malloc)
/Applications/ArmGNUToolchain/14.2.rel1/arm-none-eabi/bin/../lib/gcc/arm-none-eabi/14.2.1/../../../../arm-none-eabi/lib/thumb/v6-m/nofp/libg.a(libc_a-mallocr.o)
                              /Applications/ArmGNUToolchain/14.2.rel1/arm-none-eabi/bin/../lib/gcc/arm-none-eabi/14.2.1/../../../../arm-none-eabi/lib/thumb/v6-m/nofp/libg.a(libc_a-callocr.o) (_malloc_r)
/Applications/ArmGNUToolchain/14.2.rel1/arm-none-eabi/bin/../lib/gcc/arm-none-eabi/14.2.1/../../../../arm-none-eabi/lib/thumb/v6-m/nofp/libg.a(libc_a-mlock.o)
                              /Applications/ArmGNUToolchain/14.2.rel1/arm-none-eabi/bin/../lib/gcc/arm-none-eabi/14.2.1/../../../../arm-none-eabi/lib/thumb/v6-m/nofp/libg.a(libc_a-mallocr.o) (__malloc_lock)
/Applications/ArmGNUToolchain/14.2.rel1/arm-none-eabi/bin/../lib/gcc/arm-none-eabi/14.2.1/../../../../arm-none-eabi/lib/thumb/v6-m/nofp/libg.a(libc_a-realloc.o)
                              CMakeFiles/hello_world.dir/Users/vaughnnguyen/dev/sdk/pico-sdk/src/rp2_common/pico_malloc/malloc.c.o (realloc)
/Applications/ArmGNUToolchain/14.2.rel1/arm-none-eabi/bin/../lib/gcc/arm-none-eabi/14.2.1/../../../../arm-none-eabi/lib/thumb/v6-m/nofp/libg.a(libc_a-reallocr.o)
                              /Applications/ArmGNUToolchain/14.2.rel1/arm-none-eabi/bin/../lib/gcc/arm-none-eabi/14.2.1/../../../../arm-none-eabi/lib/thumb/v6-m/nofp/libg.a(libc_a-realloc.o) (_realloc_r)
/Applications/ArmGNUToolchain/14.2.rel1/arm-none-eabi/bin/../lib/gcc/arm-none-eabi/14.2.1/../../../../arm-none-eabi/lib/thumb/v6-m/nofp/libg.a(libc_a-memcmp.o)
                              CMakeFiles/hello_world.dir/Users/vaughnnguyen/dev/sdk/pico-sdk/src/rp2_common/pico_atomic/atomic.c.o (memcmp)
/Applications/ArmGNUToolchain/14.2.rel1/arm-none-eabi/bin/../lib/gcc/arm-none-eabi/14.2.1/../../../../arm-none-eabi/lib/thumb/v6-m/nofp/libg.a(libc_a-memmove.o)
                              /Applications/ArmGNUToolchain/14.2.rel1/arm-none-eabi/bin/../lib/gcc/arm-none-eabi/14.2.1/../../../../arm-none-eabi/lib/thumb/v6-m/nofp/libg.a(libc_a-reallocr.o) (memmove)
/Applications/ArmGNUToolchain/14.2.rel1/arm-none-eabi/bin/../lib/gcc/arm-none-eabi/14.2.1/../../../../arm-none-eabi/lib/thumb/v6-m/nofp/libg.a(libc_a-lcltime_r.o)
                              CMakeFiles/hello_world.dir/Users/vaughnnguyen/dev/sdk/pico-sdk/src/common/pico_util/datetime.c.o (localtime_r)
/Applications/ArmGNUToolchain/14.2.rel1/arm-none-eabi/bin/../lib/gcc/arm-none-eabi/14.2.1/../../../../arm-none-eabi/lib/thumb/v6-m/nofp/libg.a(libc_a-mktime.o)
                              CMakeFiles/hello_world.dir/Users/vaughnnguyen/dev/sdk/pico-sdk/src/common/pico_util/datetime.c.o (mktime)
/Applications/ArmGNUToolchain/14.2.rel1/arm-none-eabi/bin/../lib/gcc/arm-none-eabi/14.2.1/../../../../arm-none-eabi/lib/thumb/v6-m/nofp/libg.a(libc_a-month_lengths.o)
                              /Applications/ArmGNUToolchain/14.2.rel1/arm-none-eabi/bin/../lib/gcc/arm-none-eabi/14.2.1/../../../../arm-none-eabi/lib/thumb/v6-m/nofp/libg.a(libc_a-lcltime_r.o) (__month_lengths)
/Applications/ArmGNUToolchain/14.2.rel1/arm-none-eabi/bin/../lib/gcc/arm-none-eabi/14.2.1/../../../../arm-none-eabi/lib/thumb/v6-m/nofp/libg.a(libc_a-tzcalc_limits.o)
                              /Applications/ArmGNUToolchain/14.2.rel1/arm-none-eabi/bin/../lib/gcc/arm-none-eabi/14.2.1/../../../../arm-none-eabi/lib/thumb/v6-m/nofp/libg.a(libc_a-lcltime_r.o) (__tzcalc_limits)
/Applications/ArmGNUToolchain/14.2.rel1/arm-none-eabi/bin/../lib/gcc/arm-none-eabi/14.2.1/../../../../arm-none-eabi/lib/thumb/v6-m/nofp/libg.a(libc_a-tzlock.o)
[...]
Memory Configuration

Name             Origin             Length             Attributes
FLASH            0x10000000         0x00200000         xr
RAM              0x20000000         0x00040000         xrw
SCRATCH_X        0x20040000         0x00001000         xrw
SCRATCH_Y        0x20041000         0x00001000         xrw
*default*        0x00000000         0xffffffff

Linker script and memory map

LOAD /Applications/ArmGNUToolchain/14.2.rel1/arm-none-eabi/bin/../lib/gcc/arm-none-eabi/14.2.1/thumb/v6-m/nofp/crti.o
LOAD /Applications/ArmGNUToolchain/14.2.rel1/arm-none-eabi/bin/../lib/gcc/arm-none-eabi/14.2.1/thumb/v6-m/nofp/crtbegin.o
LOAD /Applications/ArmGNUToolchain/14.2.rel1/arm-none-eabi/bin/../lib/gcc/arm-none-eabi/14.2.1/../../../../arm-none-eabi/lib/thumb/v6-m/nofp/crt0.o

.flash_begin    0x10000000        0x0
                0x10000000                        __flash_binary_start = .

.boot2          0x10000000      0x100
                0x10000000                        __boot2_start__ = .
 *(.boot2)
 .boot2         0x10000000      0x100 pico-sdk/src/rp2040/boot_stage2/CMakeFiles/bs2_default_library.dir/bs2_default_padded_checksummed.S.o
                0x10000100                        __boot2_end__ = .
                0x00000001                        ASSERT (((__boot2_end__ - __boot2_start__) == 0x100), ERROR: Pico second stage bootloader must be 256 bytes in size)

.text           0x10000100     0x1af0
                0x10000100                        __logical_binary_start = .
 *(.vectors)
 .vectors       0x10000100       0xd4 CMakeFiles/hello_world.dir/Users/vaughnnguyen/dev/sdk/pico-sdk/src/rp2_common/pico_crt0/crt0.S.o
                0x10000100                __VECTOR_TABLE
                0x10000100                __vectors
                0x100001c0                __default_isrs_start
                0x100001c0                isr_invalid
                0x100001c2                isr_nmi
                0x100001c4                isr_hardfault
                0x100001c6                isr_svcall
                0x100001c8                isr_pendsv
                0x100001ca                isr_systick
                0x100001cc                isr_irq28
                0x100001cc                isr_irq19
                0x100001cc                isr_irq0
                0x100001cc                isr_irq6
                0x100001cc                isr_irq22
                0x100001cc                isr_irq17
                0x100001cc                isr_irq14
                0x100001cc                isr_irq2
                0x100001cc                isr_irq10
                0x100001cc                isr_irq8
                0x100001cc                isr_irq24
                0x100001cc                isr_irq1
                0x100001cc                isr_irq7
                0x100001cc                isr_irq21
                0x100001cc                isr_irq20
                0x100001cc                isr_irq15
                0x100001cc                isr_irq25
                0x100001cc                isr_irq4
                0x100001cc                isr_irq16
                0x100001cc                isr_irq29
                0x100001cc                isr_irq26
                0x100001cc                __default_isrs_end
                0x100001cc                isr_irq3
                0x100001cc                isr_irq9
                0x100001cc                __unhandled_user_irq
                0x100001cc                isr_irq13
                0x100001cc                isr_irq27
                0x100001cc                isr_irq31
                0x100001cc                isr_irq5
                0x100001cc                isr_irq11
                0x100001cc                isr_irq23
                0x100001cc                isr_irq18
                0x100001cc                isr_irq30
                0x100001cc                isr_irq12
                0x100001d2                unhandled_user_irq_num_in_r0
 *(.binary_info_header)
 .binary_info_header
                0x100001d4       0x14 CMakeFiles/hello_world.dir/Users/vaughnnguyen/dev/sdk/pico-sdk/src/rp2_common/pico_crt0/crt0.S.o
                0x100001e8                        __binary_info_header_end = .
 *(.embedded_block)
                0x100001e8                        __embedded_block_end = .
 *(.reset)
 .reset         0x100001e8       0x9c CMakeFiles/hello_world.dir/Users/vaughnnguyen/dev/sdk/pico-sdk/src/rp2_common/pico_crt0/crt0.S.o
                0x100001e8                _entry_point
 *(.init)
 .init          0x10000284        0x4 /Applications/ArmGNUToolchain/14.2.rel1/arm-none-eabi/bin/../lib/gcc/arm-none-eabi/14.2.1/thumb/v6-m/nofp/crti.o
                0x10000284                _init
 *(EXCLUDE_FILE(*libm.a: *libc.a:*lib_a-mem*.o *libgcc.a:) .text*)
 .text.register_tm_clones
                0x10000288       0x28 /Applications/ArmGNUToolchain/14.2.rel1/arm-none-eabi/bin/../lib/gcc/arm-none-eabi/14.2.1/thumb/v6-m/nofp/crtbegin.o
 .text.frame_dummy
                0x100002b0       0x24 /Applications/ArmGNUToolchain/14.2.rel1/arm-none-eabi/bin/../lib/gcc/arm-none-eabi/14.2.1/thumb/v6-m/nofp/crtbegin.o
 .text.startup.main
                0x100002d4       0x14 CMakeFiles/hello_world.dir/main.c.o
                0x100002d4                main
 .text.setup_default_uart
                0x100002e8        0x8 CMakeFiles/hello_world.dir/Users/vaughnnguyen/dev/sdk/pico-sdk/src/rp2_common/pico_stdlib/stdlib.c.o
                0x100002e8                setup_default_uart
 .text.gpio_set_function
                0x100002f0       0x34 CMakeFiles/hello_world.dir/Users/vaughnnguyen/dev/sdk/pico-sdk/src/rp2_common/hardware_gpio/gpio.c.o
                0x100002f0                gpio_set_function
 .text.panic    0x10000324       0x30 CMakeFiles/hello_world.dir/Users/vaughnnguyen/dev/sdk/pico-sdk/src/rp2_common/pico_platform_panic/panic.c.o
                0x10000324                panic
 .text.hw_claim_or_assert
                0x10000354       0x44 CMakeFiles/hello_world.dir/Users/vaughnnguyen/dev/sdk/pico-sdk/src/common/hardware_claim/claim.c.o
                0x10000354                hw_claim_or_assert
 .text.next_striped_spin_lock_num
                0x10000398       0x18 CMakeFiles/hello_world.dir/Users/vaughnnguyen/dev/sdk/pico-sdk/src/rp2_common/hardware_sync/sync.c.o
                0x10000398                next_striped_spin_lock_num
 .text.spin_locks_reset
                0x100003b0       0x1c CMakeFiles/hello_world.dir/Users/vaughnnguyen/dev/sdk/pico-sdk/src/rp2_common/hardware_sync_spin_lock/sync_spin_lock.c.o
                0x100003b0                spin_locks_reset
 .text.runtime_init_per_core_irq_priorities
                0x100003cc       0x24 CMakeFiles/hello_world.dir/Users/vaughnnguyen/dev/sdk/pico-sdk/src/rp2_common/hardware_irq/irq.c.o
                0x100003cc                runtime_init_per_core_irq_priorities
 .text.irq_set_enabled
                0x100003f0       0x24 CMakeFiles/hello_world.dir/Users/vaughnnguyen/dev/sdk/pico-sdk/src/rp2_common/hardware_irq/irq.c.o
                0x100003f0                irq_set_enabled
 .text.irq_set_exclusive_handler
                0x10000414       0x54 CMakeFiles/hello_world.dir/Users/vaughnnguyen/dev/sdk/pico-sdk/src/rp2_common/hardware_irq/irq.c.o
                0x10000414                irq_set_exclusive_handler
 .text.irq_remove_handler
                0x10000468      0x1d4 CMakeFiles/hello_world.dir/Users/vaughnnguyen/dev/sdk/pico-sdk/src/rp2_common/hardware_irq/irq.c.o
                0x10000468                irq_remove_handler
 .text.irq_add_tail_to_free_list
                0x1000063c       0xb4 CMakeFiles/hello_world.dir/Users/vaughnnguyen/dev/sdk/pico-sdk/src/rp2_common/hardware_irq/irq.c.o
                0x1000063c                irq_add_tail_to_free_list
 .text.lock_init
                0x100006f0       0x10 CMakeFiles/hello_world.dir/Users/vaughnnguyen/dev/sdk/pico-sdk/src/common/pico_sync/lock_core.c.o
                0x100006f0                lock_init
 .text.runtime_init_mutex
                0x10000700       0x50 CMakeFiles/hello_world.dir/Users/vaughnnguyen/dev/sdk/pico-sdk/src/common/pico_sync/mutex.c.o
                0x10000700                runtime_init_mutex
 .text.sleep_until_callback
                0x10000750       0x30 CMakeFiles/hello_world.dir/Users/vaughnnguyen/dev/sdk/pico-sdk/src/common/pico_time/time.c.o
 .text.alarm_pool_irq_handler
                0x10000780      0x300 CMakeFiles/hello_world.dir/Users/vaughnnguyen/dev/sdk/pico-sdk/src/common/pico_time/time.c.o
 .text.runtime_init_default_alarm_pool
                0x10000a80       0xdc CMakeFiles/hello_world.dir/Users/vaughnnguyen/dev/sdk/pico-sdk/src/common/pico_time/time.c.o
                0x10000a80                runtime_init_default_alarm_pool
 .text.alarm_pool_add_alarm_at_force_in_context
                0x10000b5c       0xb0 CMakeFiles/hello_world.dir/Users/vaughnnguyen/dev/sdk/pico-sdk/src/common/pico_time/time.c.o
                0x10000b5c                alarm_pool_add_alarm_at_force_in_context
 .text.alarm_pool_cancel_alarm
                0x10000c0c       0x74 CMakeFiles/hello_world.dir/Users/vaughnnguyen/dev/sdk/pico-sdk/src/common/pico_time/time.c.o
                0x10000c0c                alarm_pool_cancel_alarm
 .text.best_effort_wfe_or_timeout
                0x10000c80      0x10c CMakeFiles/hello_world.dir/Users/vaughnnguyen/dev/sdk/pico-sdk/src/common/pico_time/time.c.o
                0x10000c80                best_effort_wfe_or_timeout
 .text.timer_hardware_alarm_claim
                0x10000d8c       0x14 CMakeFiles/hello_world.dir/Users/vaughnnguyen/dev/sdk/pico-sdk/src/rp2_common/hardware_timer/timer.c.o
                0x10000d8c                timer_hardware_alarm_claim
 .text.timer_time_us_64
                0x10000da0       0x10 CMakeFiles/hello_world.dir/Users/vaughnnguyen/dev/sdk/pico-sdk/src/rp2_common/hardware_timer/timer.c.o
                0x10000da0                timer_time_us_64
 .text.time_us_64
                0x10000db0       0x14 CMakeFiles/hello_world.dir/Users/vaughnnguyen/dev/sdk/pico-sdk/src/rp2_common/hardware_timer/timer.c.o
                0x10000db0                time_us_64
 .text.busy_wait_us
                0x10000dc4       0x68 CMakeFiles/hello_world.dir/Users/vaughnnguyen/dev/sdk/pico-sdk/src/rp2_common/hardware_timer/timer.c.o
                0x10000dc4                busy_wait_us
 .text.uart_init
                0x10000e2c      0x120 CMakeFiles/hello_world.dir/Users/vaughnnguyen/dev/sdk/pico-sdk/src/rp2_common/hardware_uart/uart.c.o
                0x10000e2c                uart_init
 .text.clock_configure_int_divider
                0x10000f4c       0xf4 CMakeFiles/hello_world.dir/Users/vaughnnguyen/dev/sdk/pico-sdk/src/rp2_common/hardware_clocks/clocks.c.o
                0x10000f4c                clock_configure_int_divider
 .text.clock_configure_undivided
                0x10001040       0xe8 CMakeFiles/hello_world.dir/Users/vaughnnguyen/dev/sdk/pico-sdk/src/rp2_common/hardware_clocks/clocks.c.o
                0x10001040                clock_configure_undivided
 .text.clock_get_hz
                0x10001128        0xc CMakeFiles/hello_world.dir/Users/vaughnnguyen/dev/sdk/pico-sdk/src/rp2_common/hardware_clocks/clocks.c.o
                0x10001128                clock_get_hz
 .text.pll_init
                0x10001134       0xa4 CMakeFiles/hello_world.dir/Users/vaughnnguyen/dev/sdk/pico-sdk/src/rp2_common/hardware_pll/pll.c.o
                0x10001134                pll_init
 .text.tick_start
                0x100011d8       0x10 CMakeFiles/hello_world.dir/Users/vaughnnguyen/dev/sdk/pico-sdk/src/rp2_common/hardware_ticks/ticks.c.o
                0x100011d8                tick_start
 .text.rom_func_lookup
                0x100011e8       0x10 CMakeFiles/hello_world.dir/Users/vaughnnguyen/dev/sdk/pico-sdk/src/rp2_common/pico_bootrom/bootrom.c.o
                0x100011e8                rom_func_lookup
 .text.rom_data_lookup
                0x100011f8       0x10 CMakeFiles/hello_world.dir/Users/vaughnnguyen/dev/sdk/pico-sdk/src/rp2_common/pico_bootrom/bootrom.c.o
                0x100011f8                rom_data_lookup
 .text.rom_funcs_lookup
                0x10001208       0x44 CMakeFiles/hello_world.dir/Users/vaughnnguyen/dev/sdk/pico-sdk/src/rp2_common/pico_bootrom/bootrom.c.o
                0x10001208                rom_funcs_lookup
 .text.xosc_init
                0x1000124c       0x28 CMakeFiles/hello_world.dir/Users/vaughnnguyen/dev/sdk/pico-sdk/src/rp2_common/hardware_xosc/xosc.c.o
                0x1000124c                xosc_init
 .text.first_per_core_initializer
                0x10001274        0x4 CMakeFiles/hello_world.dir/Users/vaughnnguyen/dev/sdk/pico-sdk/src/rp2_common/pico_runtime/runtime.c.o
 .text.hard_assertion_failure
                0x10001278        0xc CMakeFiles/hello_world.dir/Users/vaughnnguyen/dev/sdk/pico-sdk/src/rp2_common/pico_runtime/runtime.c.o
                0x10001278                hard_assertion_failure
 .text.runtime_run_initializers
                0x10001284       0x28 CMakeFiles/hello_world.dir/Users/vaughnnguyen/dev/sdk/pico-sdk/src/rp2_common/pico_runtime/runtime.c.o
                0x10001284                runtime_run_initializers
 .text.runtime_init_early_resets
                0x100012ac       0x2c CMakeFiles/hello_world.dir/Users/vaughnnguyen/dev/sdk/pico-sdk/src/rp2_common/pico_runtime_init/runtime_init.c.o
                0x100012ac                runtime_init_early_resets
 .text.runtime_init_usb_power_down
                0x100012d8       0x1c CMakeFiles/hello_world.dir/Users/vaughnnguyen/dev/sdk/pico-sdk/src/rp2_common/pico_runtime_init/runtime_init.c.o
                0x100012d8                runtime_init_usb_power_down
 .text.runtime_init_post_clock_resets
                0x100012f4       0x20 CMakeFiles/hello_world.dir/Users/vaughnnguyen/dev/sdk/pico-sdk/src/rp2_common/pico_runtime_init/runtime_init.c.o
                0x100012f4                runtime_init_post_clock_resets
 .text.runtime_init_rp2040_gpio_ie_disable
                0x10001314       0x14 CMakeFiles/hello_world.dir/Users/vaughnnguyen/dev/sdk/pico-sdk/src/rp2_common/pico_runtime_init/runtime_init.c.o
                0x10001314                runtime_init_rp2040_gpio_ie_disable
 .text.runtime_init_spin_locks_reset
                0x10001328        0x8 CMakeFiles/hello_world.dir/Users/vaughnnguyen/dev/sdk/pico-sdk/src/rp2_common/pico_runtime_init/runtime_init.c.o
                0x10001328                runtime_init_spin_locks_reset
 .text.runtime_init_install_ram_vector_table
                0x10001330       0x1c CMakeFiles/hello_world.dir/Users/vaughnnguyen/dev/sdk/pico-sdk/src/rp2_common/pico_runtime_init/runtime_init.c.o
                0x10001330                runtime_init_install_ram_vector_table
 .text.runtime_init_clocks
                0x1000134c       0xd8 CMakeFiles/hello_world.dir/Users/vaughnnguyen/dev/sdk/pico-sdk/src/rp2_common/pico_runtime_init/runtime_init_clocks.c.o
                0x1000134c                runtime_init_clocks
 .text          0x10001424       0x10 CMakeFiles/hello_world.dir/Users/vaughnnguyen/dev/sdk/pico-sdk/src/rp2_common/pico_bit_ops/bit_ops_aeabi.S.o
 .text.__wrap___aeabi_uidiv
                0x10001434       0x4c CMakeFiles/hello_world.dir/Users/vaughnnguyen/dev/sdk/pico-sdk/src/rp2_common/pico_divider/divider_hardware.S.o
                0x10001434                __wrap___aeabi_uidiv
                0x10001434                __wrap___aeabi_uidivmod
                0x10001434                div_u32u32
                0x10001434                divmod_u32u32
                0x1000143c                divmod_u32u32_unsafe
                0x10001464                divmod_u32u32_savestate
 .text.__aeabi_double_init
                0x10001480       0xa4 CMakeFiles/hello_world.dir/Users/vaughnnguyen/dev/sdk/pico-sdk/src/rp2_common/pico_double/double_init_rom_rp2040.c.o
                0x10001480                __aeabi_double_init
 .text.double_table_shim_on_use_helper
                0x10001524       0x2c CMakeFiles/hello_world.dir/Users/vaughnnguyen/dev/sdk/pico-sdk/src/rp2_common/pico_double/double_v1_rom_shim_rp2040.S.o
                0x10001524                double_table_shim_on_use_helper
 .text.__aeabi_float_init
                0x10001550       0x64 CMakeFiles/hello_world.dir/Users/vaughnnguyen/dev/sdk/pico-sdk/src/rp2_common/pico_float/float_init_rom_rp2040.c.o
                0x10001550                __aeabi_float_init
 .text.float_table_shim_on_use_helper
                0x100015b4       0x2c CMakeFiles/hello_world.dir/Users/vaughnnguyen/dev/sdk/pico-sdk/src/rp2_common/pico_float/float_v1_rom_shim_rp2040.S.o
                0x100015b4                float_table_shim_on_use_helper
 .text          0x100015e0       0x10 CMakeFiles/hello_world.dir/Users/vaughnnguyen/dev/sdk/pico-sdk/src/rp2_common/pico_mem_ops/mem_ops_aeabi.S.o
                0x100015e0                __aeabi_mem_init
 .text.memcpy   0x100015f0        0xc CMakeFiles/hello_world.dir/Users/vaughnnguyen/dev/sdk/pico-sdk/src/rp2_common/pico_mem_ops/mem_ops_aeabi.S.o
                0x100015f0                __wrap___aeabi_memcpy
                0x100015f0                __wrap_memcpy
 .text._out_char
                0x100015fc       0x10 CMakeFiles/hello_world.dir/Users/vaughnnguyen/dev/sdk/pico-sdk/src/rp2_common/pico_printf/printf.c.o
 .text.weak_raw_vprintf
                0x1000160c       0x30 CMakeFiles/hello_world.dir/Users/vaughnnguyen/dev/sdk/pico-sdk/src/rp2_common/pico_printf/printf.c.o
                0x1000160c                weak_raw_vprintf
 .text._exit    0x1000163c        0x4 CMakeFiles/hello_world.dir/Users/vaughnnguyen/dev/sdk/pico-sdk/src/rp2_common/pico_clib_interface/newlib_interface.c.o
                0x1000163c                _exit
 .text.exit     0x10001640        0x8 CMakeFiles/hello_world.dir/Users/vaughnnguyen/dev/sdk/pico-sdk/src/rp2_common/pico_clib_interface/newlib_interface.c.o
                0x10001640                exit
 .text.runtime_init
                0x10001648       0x2c CMakeFiles/hello_world.dir/Users/vaughnnguyen/dev/sdk/pico-sdk/src/rp2_common/pico_clib_interface/newlib_interface.c.o
                0x10001648                runtime_init
 .text.stdio_out_chars_no_crlf
                0x10001674       0x10 CMakeFiles/hello_world.dir/Users/vaughnnguyen/dev/sdk/pico-sdk/src/rp2_common/pico_stdio/stdio.c.o
 .text.stdio_out_chars_crlf
                0x10001684       0xb0 CMakeFiles/hello_world.dir/Users/vaughnnguyen/dev/sdk/pico-sdk/src/rp2_common/pico_stdio/stdio.c.o
 .text.stdio_put_string
                0x10001734       0xfc CMakeFiles/hello_world.dir/Users/vaughnnguyen/dev/sdk/pico-sdk/src/rp2_common/pico_stdio/stdio.c.o
                0x10001734                stdio_put_string
 .text.stdio_set_driver_enabled
                0x10001830       0x30 CMakeFiles/hello_world.dir/Users/vaughnnguyen/dev/sdk/pico-sdk/src/rp2_common/pico_stdio/stdio.c.o
                0x10001830                stdio_set_driver_enabled
 .text.__wrap_putchar
                0x10001860       0x94 CMakeFiles/hello_world.dir/Users/vaughnnguyen/dev/sdk/pico-sdk/src/rp2_common/pico_stdio/stdio.c.o
                0x10001860                stdio_putchar
                0x10001860                __wrap_putchar
 .text.__wrap_puts
                0x100018f4       0x3c CMakeFiles/hello_world.dir/Users/vaughnnguyen/dev/sdk/pico-sdk/src/rp2_common/pico_stdio/stdio.c.o
                0x100018f4                __wrap_puts
                0x100018f4                stdio_puts
 .text.stdio_uart_out_chars
                0x10001930       0x4c CMakeFiles/hello_world.dir/Users/vaughnnguyen/dev/sdk/pico-sdk/src/rp2_common/pico_stdio_uart/stdio_uart.c.o
 .text.stdio_uart_in_chars
                0x1000197c       0x90 CMakeFiles/hello_world.dir/Users/vaughnnguyen/dev/sdk/pico-sdk/src/rp2_common/pico_stdio_uart/stdio_uart.c.o
                0x1000197c                stdio_uart_in_chars
 .text.on_uart_rx
                0x10001a0c       0x28 CMakeFiles/hello_world.dir/Users/vaughnnguyen/dev/sdk/pico-sdk/src/rp2_common/pico_stdio_uart/stdio_uart.c.o
 .text.stdio_uart_out_flush
                0x10001a34       0x14 CMakeFiles/hello_world.dir/Users/vaughnnguyen/dev/sdk/pico-sdk/src/rp2_common/pico_stdio_uart/stdio_uart.c.o
 .text.stdio_uart_set_chars_available_callback
                0x10001a48       0x84 CMakeFiles/hello_world.dir/Users/vaughnnguyen/dev/sdk/pico-sdk/src/rp2_common/pico_stdio_uart/stdio_uart.c.o
 .text.stdio_uart_init
                0x10001acc       0x50 CMakeFiles/hello_world.dir/Users/vaughnnguyen/dev/sdk/pico-sdk/src/rp2_common/pico_stdio_uart/stdio_uart.c.o
                0x10001acc                stdio_uart_init
 .text.strlen   0x10001b1c       0x5c /Applications/ArmGNUToolchain/14.2.rel1/arm-none-eabi/bin/../lib/gcc/arm-none-eabi/14.2.1/../../../../arm-none-eabi/lib/thumb/v6-m/nofp/libg.a(libc_a-strlen-stub.o)
                0x10001b1c                strlen
 *(.fini)
 .fini          0x10001b78        0x4 /Applications/ArmGNUToolchain/14.2.rel1/arm-none-eabi/bin/../lib/gcc/arm-none-eabi/14.2.1/thumb/v6-m/nofp/crti.o
                0x10001b78                _fini
 *fill*         0x10001b7c        0x4 
 .fini.__stub   0x10001b80       0x30 linker stubs
 *crtbegin.o(.ctors)
 *crtbegin?.o(.ctors)
 *(EXCLUDE_FILE(*crtend.o *crtend?.o) .ctors)
 *(SORT_BY_NAME(.ctors.*))
 *(.ctors)
 *crtbegin.o(.dtors)
 *crtbegin?.o(.dtors)
 *(EXCLUDE_FILE(*crtend.o *crtend?.o) .dtors)
 *(SORT_BY_NAME(.dtors.*))
 *(.dtors)
                0x10001bb0                        . = ALIGN (0x4)
                0x10001bb0                        PROVIDE (__preinit_array_start = .)
 *(SORT_BY_NAME(.preinit_array.*))
 .preinit_array.00100
                0x10001bb0        0x4 CMakeFiles/hello_world.dir/Users/vaughnnguyen/dev/sdk/pico-sdk/src/rp2_common/pico_runtime_init/runtime_init.c.o
                0x10001bb0                __pre_init_runtime_init_early_resets
 .preinit_array.00101
                0x10001bb4        0x4 CMakeFiles/hello_world.dir/Users/vaughnnguyen/dev/sdk/pico-sdk/src/rp2_common/pico_runtime_init/runtime_init.c.o
                0x10001bb4                __pre_init_runtime_init_usb_power_down
 .preinit_array.00275
                0x10001bb8        0x4 CMakeFiles/hello_world.dir/Users/vaughnnguyen/dev/sdk/pico-sdk/src/rp2_common/pico_bit_ops/bit_ops_aeabi.S.o
 .preinit_array.00300
                0x10001bbc        0x4 CMakeFiles/hello_world.dir/Users/vaughnnguyen/dev/sdk/pico-sdk/src/rp2_common/pico_mem_ops/mem_ops_aeabi.S.o
 .preinit_array.00350
                0x10001bc0        0x4 CMakeFiles/hello_world.dir/Users/vaughnnguyen/dev/sdk/pico-sdk/src/rp2_common/pico_double/double_aeabi_rp2040.S.o
 .preinit_array.00350
                0x10001bc4        0x4 CMakeFiles/hello_world.dir/Users/vaughnnguyen/dev/sdk/pico-sdk/src/rp2_common/pico_float/float_aeabi_rp2040.S.o
 .preinit_array.00500
                0x10001bc8        0x4 CMakeFiles/hello_world.dir/Users/vaughnnguyen/dev/sdk/pico-sdk/src/rp2_common/pico_runtime_init/runtime_init.c.o
                0x10001bc8                __pre_init_runtime_init_clocks
 .preinit_array.00600
                0x10001bcc        0x4 CMakeFiles/hello_world.dir/Users/vaughnnguyen/dev/sdk/pico-sdk/src/rp2_common/pico_runtime_init/runtime_init.c.o
                0x10001bcc                __pre_init_runtime_init_post_clock_resets
 .preinit_array.00700
                0x10001bd0        0x4 CMakeFiles/hello_world.dir/Users/vaughnnguyen/dev/sdk/pico-sdk/src/rp2_common/pico_runtime_init/runtime_init.c.o
                0x10001bd0                __pre_init_runtime_init_rp2040_gpio_ie_disable
 .preinit_array.01000
                0x10001bd4        0x4 CMakeFiles/hello_world.dir/Users/vaughnnguyen/dev/sdk/pico-sdk/src/rp2_common/pico_runtime_init/runtime_init.c.o
                0x10001bd4                __pre_init_runtime_init_spin_locks_reset
 .preinit_array.01100
                0x10001bd8        0x4 CMakeFiles/hello_world.dir/Users/vaughnnguyen/dev/sdk/pico-sdk/src/common/pico_sync/mutex.c.o
                0x10001bd8                __pre_init_runtime_init_mutex
 .preinit_array.10080
                0x10001bdc        0x4 CMakeFiles/hello_world.dir/Users/vaughnnguyen/dev/sdk/pico-sdk/src/rp2_common/pico_runtime_init/runtime_init.c.o
                0x10001bdc                __pre_init_runtime_init_install_ram_vector_table
 .preinit_array.11000
                0x10001be0        0x4 CMakeFiles/hello_world.dir/Users/vaughnnguyen/dev/sdk/pico-sdk/src/common/pico_time/time.c.o
                0x10001be0                __pre_init_runtime_init_default_alarm_pool
 .preinit_array.YYYYY
                0x10001be4        0x4 CMakeFiles/hello_world.dir/Users/vaughnnguyen/dev/sdk/pico-sdk/src/rp2_common/pico_runtime/runtime.c.o
                0x10001be4                __pre_init_first_per_core_initializer
 .preinit_array.ZZZZZ.01200
                0x10001be8        0x4 CMakeFiles/hello_world.dir/Users/vaughnnguyen/dev/sdk/pico-sdk/src/rp2_common/hardware_irq/irq.c.o
                0x10001be8                __pre_init_runtime_init_per_core_irq_priorities
 *(.preinit_array)
                0x10001bec                        PROVIDE (__preinit_array_end = .)
                0x10001bec                        . = ALIGN (0x4)
                0x10001bec                        PROVIDE (__init_array_start = .)
 *(SORT_BY_NAME(.init_array.*))
 *(.init_array)
 .init_array    0x10001bec        0x4 /Applications/ArmGNUToolchain/14.2.rel1/arm-none-eabi/bin/../lib/gcc/arm-none-eabi/14.2.1/thumb/v6-m/nofp/crtbegin.o
                0x10001bf0                        PROVIDE (__init_array_end = .)
                0x10001bf0                        . = ALIGN (0x4)
                [!provide]                        PROVIDE (__fini_array_start = .)
 *(SORT_BY_NAME(.fini_array.*))
 *(.fini_array)
                [!provide]                        PROVIDE (__fini_array_end = .)
 *(.eh_frame*)
 .eh_frame      0x10001bf0        0x0 /Applications/ArmGNUToolchain/14.2.rel1/arm-none-eabi/bin/../lib/gcc/arm-none-eabi/14.2.1/thumb/v6-m/nofp/crtbegin.o
                0x10001bf0                        . = ALIGN (0x4)

.glue_7         0x10001bf0        0x0
 .glue_7        0x10001bf0        0x0 linker stubs

.glue_7t        0x10001bf0        0x0
 .glue_7t       0x10001bf0        0x0 linker stubs

.vfp11_veneer   0x10001bf0        0x0
 .vfp11_veneer  0x10001bf0        0x0 linker stubs

.v4_bx          0x10001bf0        0x0
 .v4_bx         0x10001bf0        0x0 linker stubs

.iplt           0x10001bf0        0x0
 .iplt          0x10001bf0        0x0 /Applications/ArmGNUToolchain/14.2.rel1/arm-none-eabi/bin/../lib/gcc/arm-none-eabi/14.2.1/thumb/v6-m/nofp/crtbegin.o

.rodata         0x10001bf0      0x134
 *(EXCLUDE_FILE(*libm.a: *libc.a:*lib_a-mem*.o *libgcc.a:) .rodata*)
 .rodata.main.str1.4
                0x10001bf0       0xc0 CMakeFiles/hello_world.dir/main.c.o
                                  0xe (size before relaxing)
 .rodata.panic.str1.4
                0x10001cb0       0x12 CMakeFiles/hello_world.dir/Users/vaughnnguyen/dev/sdk/pico-sdk/src/rp2_common/pico_platform_panic/panic.c.o
 .rodata.timer_hardware_alarm_claim.str1.4
                0x10001cb0       0x22 CMakeFiles/hello_world.dir/Users/vaughnnguyen/dev/sdk/pico-sdk/src/rp2_common/hardware_timer/timer.c.o
 .rodata.hard_assertion_failure.str1.4
                0x10001cb0        0xc CMakeFiles/hello_world.dir/Users/vaughnnguyen/dev/sdk/pico-sdk/src/rp2_common/pico_runtime/runtime.c.o
 .rodata.str1.4
                0x10001cb0       0x40 CMakeFiles/hello_world.dir/Users/vaughnnguyen/dev/sdk/pico-sdk/src/rp2_common/pico_standard_binary_info/standard_binary_info.c.o
 .rodata.__bi_84
                0x10001cb0        0xc CMakeFiles/hello_world.dir/Users/vaughnnguyen/dev/sdk/pico-sdk/src/rp2_common/pico_standard_binary_info/standard_binary_info.c.o
 .rodata.__bi_78
                0x10001cbc        0xc CMakeFiles/hello_world.dir/Users/vaughnnguyen/dev/sdk/pico-sdk/src/rp2_common/pico_standard_binary_info/standard_binary_info.c.o
 .rodata.__bi_54
                0x10001cc8        0xc CMakeFiles/hello_world.dir/Users/vaughnnguyen/dev/sdk/pico-sdk/src/rp2_common/pico_standard_binary_info/standard_binary_info.c.o
 .rodata.__bi_48
                0x10001cd4        0xc CMakeFiles/hello_world.dir/Users/vaughnnguyen/dev/sdk/pico-sdk/src/rp2_common/pico_standard_binary_info/standard_binary_info.c.o
 .rodata.__bi_42
                0x10001ce0        0xc CMakeFiles/hello_world.dir/Users/vaughnnguyen/dev/sdk/pico-sdk/src/rp2_common/pico_standard_binary_info/standard_binary_info.c.o
 .rodata.__bi_34
                0x10001cec        0xc CMakeFiles/hello_world.dir/Users/vaughnnguyen/dev/sdk/pico-sdk/src/rp2_common/pico_standard_binary_info/standard_binary_info.c.o
 .rodata.__bi_26
                0x10001cf8        0xc CMakeFiles/hello_world.dir/Users/vaughnnguyen/dev/sdk/pico-sdk/src/rp2_common/pico_standard_binary_info/standard_binary_info.c.o
 .rodata.crlf_str.0
                0x10001d04        0x2 CMakeFiles/hello_world.dir/Users/vaughnnguyen/dev/sdk/pico-sdk/src/rp2_common/pico_stdio/stdio.c.o
 .rodata.str1.4
                0x10001d06       0x2c CMakeFiles/hello_world.dir/Users/vaughnnguyen/dev/sdk/pico-sdk/src/rp2_common/pico_stdio_uart/stdio_uart.c.o
 *fill*         0x10001d06        0x2 
 .rodata.__bi_45.4
                0x10001d08        0xc CMakeFiles/hello_world.dir/Users/vaughnnguyen/dev/sdk/pico-sdk/src/rp2_common/pico_stdio_uart/stdio_uart.c.o
 .rodata.__bi_49.5
                0x10001d14        0x8 CMakeFiles/hello_world.dir/Users/vaughnnguyen/dev/sdk/pico-sdk/src/rp2_common/pico_stdio_uart/stdio_uart.c.o
 .rodata.__bi_50.6
                0x10001d1c        0x8 CMakeFiles/hello_world.dir/Users/vaughnnguyen/dev/sdk/pico-sdk/src/rp2_common/pico_stdio_uart/stdio_uart.c.o
                0x10001d24                        . = ALIGN (0x4)
 *(SORT_BY_ALIGNMENT(SORT_BY_NAME(.flashdata*)))
                0x10001d24                        . = ALIGN (0x4)

.ARM.extab
 *(.ARM.extab* .gnu.linkonce.armextab.*)
                0x10001d24                        __exidx_start = .

.ARM.exidx
 *(.ARM.exidx* .gnu.linkonce.armexidx.*)
                0x10001d24                        __exidx_end = .
                0x10001d24                        . = ALIGN (0x4)
                0x10001d24                        __binary_info_start = .

.binary_info    0x10001d24       0x28
 *(.binary_info.keep.*)
 .binary_info.keep.__bi_ptr84
                0x10001d24        0x4 CMakeFiles/hello_world.dir/Users/vaughnnguyen/dev/sdk/pico-sdk/src/rp2_common/pico_standard_binary_info/standard_binary_info.c.o
 .binary_info.keep.__bi_ptr78
                0x10001d28        0x4 CMakeFiles/hello_world.dir/Users/vaughnnguyen/dev/sdk/pico-sdk/src/rp2_common/pico_standard_binary_info/standard_binary_info.c.o
 .binary_info.keep.__bi_ptr54
                0x10001d2c        0x4 CMakeFiles/hello_world.dir/Users/vaughnnguyen/dev/sdk/pico-sdk/src/rp2_common/pico_standard_binary_info/standard_binary_info.c.o
 .binary_info.keep.__bi_ptr48
                0x10001d30        0x4 CMakeFiles/hello_world.dir/Users/vaughnnguyen/dev/sdk/pico-sdk/src/rp2_common/pico_standard_binary_info/standard_binary_info.c.o
 .binary_info.keep.__bi_ptr42
                0x10001d34        0x4 CMakeFiles/hello_world.dir/Users/vaughnnguyen/dev/sdk/pico-sdk/src/rp2_common/pico_standard_binary_info/standard_binary_info.c.o
 .binary_info.keep.__bi_ptr34
                0x10001d38        0x4 CMakeFiles/hello_world.dir/Users/vaughnnguyen/dev/sdk/pico-sdk/src/rp2_common/pico_standard_binary_info/standard_binary_info.c.o
 .binary_info.keep.__bi_ptr26
                0x10001d3c        0x4 CMakeFiles/hello_world.dir/Users/vaughnnguyen/dev/sdk/pico-sdk/src/rp2_common/pico_standard_binary_info/standard_binary_info.c.o
 *(.binary_info.*)
 .binary_info.__bi_ptr50
                0x10001d40        0x4 CMakeFiles/hello_world.dir/Users/vaughnnguyen/dev/sdk/pico-sdk/src/rp2_common/pico_stdio_uart/stdio_uart.c.o
 .binary_info.__bi_ptr49
                0x10001d44        0x4 CMakeFiles/hello_world.dir/Users/vaughnnguyen/dev/sdk/pico-sdk/src/rp2_common/pico_stdio_uart/stdio_uart.c.o
 .binary_info.__bi_ptr45
                0x10001d48        0x4 CMakeFiles/hello_world.dir/Users/vaughnnguyen/dev/sdk/pico-sdk/src/rp2_common/pico_stdio_uart/stdio_uart.c.o
                0x10001d4c                        __binary_info_end = .

.rel.dyn        0x10001d4c        0x0
 .rel.iplt      0x10001d4c        0x0 /Applications/ArmGNUToolchain/14.2.rel1/arm-none-eabi/bin/../lib/gcc/arm-none-eabi/14.2.1/thumb/v6-m/nofp/crtbegin.o
                0x10001d4c                        . = ALIGN (0x4)

.ram_vector_table
                0x20000000       0xc0
 *(.ram_vector_table)
 .ram_vector_table
                0x20000000       0xc0 CMakeFiles/hello_world.dir/Users/vaughnnguyen/dev/sdk/pico-sdk/src/rp2_common/pico_runtime_init/runtime_init.c.o
                0x20000000                ram_vector_table

.uninitialized_data
                0x200000c0        0x0
                0x200000c0                        . = ALIGN (0x4)
 *(.uninitialized_data*)

.data           0x200000c0      0x180 load address 0x10001d4c
                0x200000c0                        __data_start__ = .
 *(vtable)
 *(.time_critical*)
 .time_critical.mutex_try_enter_block_until
                0x200000c0       0x98 CMakeFiles/hello_world.dir/Users/vaughnnguyen/dev/sdk/pico-sdk/src/common/pico_sync/mutex.c.o
                0x200000c0                mutex_try_enter_block_until
 .time_critical.mutex_exit
                0x20000158       0x28 CMakeFiles/hello_world.dir/Users/vaughnnguyen/dev/sdk/pico-sdk/src/common/pico_sync/mutex.c.o
                0x20000158                mutex_exit
 *(.text*)
 .text          0x20000180        0x4 /Applications/ArmGNUToolchain/14.2.rel1/arm-none-eabi/bin/../lib/gcc/arm-none-eabi/14.2.1/thumb/v6-m/nofp/libgcc.a(_dvmd_tls.o)
                0x20000180                __aeabi_ldiv0
                0x20000180                __aeabi_idiv0
 *fill*         0x20000184        0x4 
 .text.__stub   0x20000188       0x10 linker stubs
                0x20000198                        . = ALIGN (0x4)
 *(.rodata*)
                0x20000198                        . = ALIGN (0x4)
 *(.data*)
 .data.striped_spin_lock_num
                0x20000198        0x1 CMakeFiles/hello_world.dir/Users/vaughnnguyen/dev/sdk/pico-sdk/src/rp2_common/hardware_sync/sync.c.o
 *fill*         0x20000199        0x3 
 .data          0x2000019c       0x48 CMakeFiles/hello_world.dir/Users/vaughnnguyen/dev/sdk/pico-sdk/src/rp2_common/hardware_irq/irq_handler_chain.S.o
                0x2000019c                irq_handler_chain_slots
                0x200001cc                irq_handler_chain_first_slot
                0x200001d6                irq_handler_chain_remove_tail
 .data.default_alarm_pool
                0x200001e4       0x18 CMakeFiles/hello_world.dir/Users/vaughnnguyen/dev/sdk/pico-sdk/src/common/pico_time/time.c.o
 *fill*         0x200001fc        0x4 
 .data.aeabi_bits_funcs
                0x20000200       0x10 CMakeFiles/hello_world.dir/Users/vaughnnguyen/dev/sdk/pico-sdk/src/rp2_common/pico_bit_ops/bit_ops_aeabi.S.o
                0x20000200                aeabi_bits_funcs
                0x20000210                aeabi_bits_funcs_end
 .data.aeabi_mem_funcs
                0x20000210       0x10 CMakeFiles/hello_world.dir/Users/vaughnnguyen/dev/sdk/pico-sdk/src/rp2_common/pico_mem_ops/mem_ops_aeabi.S.o
                0x20000210                aeabi_mem_funcs
                0x20000220                aeabi_mem_funcs_end
 .data.stdio_uart
                0x20000220       0x18 CMakeFiles/hello_world.dir/Users/vaughnnguyen/dev/sdk/pico-sdk/src/rp2_common/pico_stdio_uart/stdio_uart.c.o
                0x20000220                stdio_uart
                0x20000238                        . = ALIGN (0x4)
 *(.after_data.*)
                0x20000238                        . = ALIGN (0x4)
                0x20000238                        PROVIDE (__mutex_array_start = .)
 *(SORT_BY_NAME(.mutex_array.*))
 *(.mutex_array)
 .mutex_array   0x20000238        0x8 CMakeFiles/hello_world.dir/Users/vaughnnguyen/dev/sdk/pico-sdk/src/rp2_common/pico_stdio/stdio.c.o
                0x20000240                        PROVIDE (__mutex_array_end = .)
                0x20000240                        . = ALIGN (0x4)
 *(.jcr)
                0x20000240                        . = ALIGN (0x4)

.tm_clone_table
                0x20000240        0x0 load address 0x10001ecc
 .tm_clone_table
                0x20000240        0x0 /Applications/ArmGNUToolchain/14.2.rel1/arm-none-eabi/bin/../lib/gcc/arm-none-eabi/14.2.1/thumb/v6-m/nofp/crtbegin.o
 .tm_clone_table
                0x20000240        0x0 /Applications/ArmGNUToolchain/14.2.rel1/arm-none-eabi/bin/../lib/gcc/arm-none-eabi/14.2.1/thumb/v6-m/nofp/crtend.o

.igot.plt       0x20000240        0x0 load address 0x10001ecc
 .igot.plt      0x20000240        0x0 /Applications/ArmGNUToolchain/14.2.rel1/arm-none-eabi/bin/../lib/gcc/arm-none-eabi/14.2.1/thumb/v6-m/nofp/crtbegin.o

.tdata          0x20000240        0x0 load address 0x10001ecc
                0x20000240                        . = ALIGN (0x4)
 *(.tdata .tdata.* .gnu.linkonce.td.*)
                0x20000240                        __tdata_end = .
                0x20000240                        PROVIDE (__data_end__ = .)
                0x10001d4c                        __etext = LOADADDR (.data)

.tbss           0x20000240        0x0 load address 0x10001ecc
                0x20000240                        . = ALIGN (0x4)
                0x20000240                        __bss_start__ = .
                0x20000240                        __tls_base = .
 *(.tbss .tbss.* .gnu.linkonce.tb.*)
 *(.tcommon)
                0x20000240                        __tls_end = .

.bss            0x20000240      0x3fc load address 0x10001ecc
                0x20000240                        . = ALIGN (0x4)
                0x20000240                        __tbss_end = .
 *(SORT_BY_ALIGNMENT(SORT_BY_NAME(.bss*)))
 .bss.default_alarm_pool_entries
                0x20000240      0x180 CMakeFiles/hello_world.dir/Users/vaughnnguyen/dev/sdk/pico-sdk/src/common/pico_time/time.c.o
 .bss.sd_table  0x200003c0      0x100 CMakeFiles/hello_world.dir/Users/vaughnnguyen/dev/sdk/pico-sdk/src/rp2_common/pico_double/double_init_rom_rp2040.c.o
                0x200003c0                sd_table
 .bss.sf_table  0x200004c0      0x100 CMakeFiles/hello_world.dir/Users/vaughnnguyen/dev/sdk/pico-sdk/src/rp2_common/pico_float/float_init_rom_rp2040.c.o
                0x200004c0                sf_table
 .bss.chars_available_callback
                0x200005c0        0x4 CMakeFiles/hello_world.dir/Users/vaughnnguyen/dev/sdk/pico-sdk/src/rp2_common/pico_stdio_uart/stdio_uart.c.o
 .bss.chars_available_param
                0x200005c4        0x4 CMakeFiles/hello_world.dir/Users/vaughnnguyen/dev/sdk/pico-sdk/src/rp2_common/pico_stdio_uart/stdio_uart.c.o
 .bss.claimed   0x200005c8        0x1 CMakeFiles/hello_world.dir/Users/vaughnnguyen/dev/sdk/pico-sdk/src/rp2_common/hardware_timer/timer.c.o
 *fill*         0x200005c9        0x3 
 .bss.configured_freq
                0x200005cc       0x28 CMakeFiles/hello_world.dir/Users/vaughnnguyen/dev/sdk/pico-sdk/src/rp2_common/hardware_clocks/clocks.c.o
 .bss.drivers   0x200005f4        0x4 CMakeFiles/hello_world.dir/Users/vaughnnguyen/dev/sdk/pico-sdk/src/rp2_common/pico_stdio/stdio.c.o
 .bss.filter    0x200005f8        0x4 CMakeFiles/hello_world.dir/Users/vaughnnguyen/dev/sdk/pico-sdk/src/rp2_common/pico_stdio/stdio.c.o
 .bss.lazy_vsnprintf
                0x200005fc        0x4 CMakeFiles/hello_world.dir/Users/vaughnnguyen/dev/sdk/pico-sdk/src/rp2_common/pico_printf/printf.c.o
 .bss.object.0  0x20000600       0x18 /Applications/ArmGNUToolchain/14.2.rel1/arm-none-eabi/bin/../lib/gcc/arm-none-eabi/14.2.1/thumb/v6-m/nofp/crtbegin.o
 .bss.pools     0x20000618       0x10 CMakeFiles/hello_world.dir/Users/vaughnnguyen/dev/sdk/pico-sdk/src/common/pico_time/time.c.o
 .bss.sf_clz_func
                0x20000628        0x4 CMakeFiles/hello_world.dir/Users/vaughnnguyen/dev/sdk/pico-sdk/src/rp2_common/pico_double/double_init_rom_rp2040.c.o
                0x20000628                sf_clz_func
 .bss.sleep_notifier
                0x2000062c        0x4 CMakeFiles/hello_world.dir/Users/vaughnnguyen/dev/sdk/pico-sdk/src/common/pico_time/time.c.o
 .bss.uart_char_to_line_feed
                0x20000630        0x4 CMakeFiles/hello_world.dir/Users/vaughnnguyen/dev/sdk/pico-sdk/src/rp2_common/hardware_uart/uart.c.o
                0x20000630                uart_char_to_line_feed
 .bss.uart_instance
                0x20000634        0x4 CMakeFiles/hello_world.dir/Users/vaughnnguyen/dev/sdk/pico-sdk/src/rp2_common/pico_stdio_uart/stdio_uart.c.o
 .bss.irq_handler_chain_free_slot_head
                0x20000638        0x1 CMakeFiles/hello_world.dir/Users/vaughnnguyen/dev/sdk/pico-sdk/src/rp2_common/hardware_irq/irq.c.o
 *(COMMON)
                0x2000063c                        . = ALIGN (0x4)
 *fill*         0x20000639        0x3 
                0x2000063c                        __bss_end__ = .

.heap           0x2000063c      0x800 load address 0x10001ecc
                0x2000063c                        __end__ = .
                0x2000063c                        end = __end__
 *(.heap*)
 .heap          0x2000063c      0x800 CMakeFiles/hello_world.dir/Users/vaughnnguyen/dev/sdk/pico-sdk/src/rp2_common/pico_crt0/crt0.S.o
                0x20040000                        __HeapLimit = (ORIGIN (RAM) + LENGTH (RAM))

.scratch_x      0x20040000        0x0 load address 0x10001ecc
                0x20040000                        __scratch_x_start__ = .
 *(.scratch_x.*)
                0x20040000                        . = ALIGN (0x4)
                0x20040000                        __scratch_x_end__ = .
                0x10001ecc                        __scratch_x_source__ = LOADADDR (.scratch_x)

.scratch_y      0x20041000        0x0 load address 0x10001ecc
                0x20041000                        __scratch_y_start__ = .
 *(.scratch_y.*)
                0x20041000                        . = ALIGN (0x4)
                0x20041000                        __scratch_y_end__ = .
                0x10001ecc                        __scratch_y_source__ = LOADADDR (.scratch_y)

.stack1_dummy
 *(.stack1*)

.stack_dummy    0x20041000      0x800
 *(.stack*)
 .stack         0x20041000      0x800 CMakeFiles/hello_world.dir/Users/vaughnnguyen/dev/sdk/pico-sdk/src/rp2_common/pico_crt0/crt0.S.o

.flash_end      0x10001ecc        0x0
 *(.embedded_end_block*)
                0x10001ecc                        PROVIDE (__flash_binary_end = .)
                0x20040000                        __StackLimit = (ORIGIN (RAM) + LENGTH (RAM))
                0x20041000                        __StackOneTop = (ORIGIN (SCRATCH_X) + LENGTH (SCRATCH_X))
                0x20042000                        __StackTop = (ORIGIN (SCRATCH_Y) + LENGTH (SCRATCH_Y))
                0x20041000                        __StackOneBottom = (__StackOneTop - SIZEOF (.stack1_dummy))
                0x20041800                        __StackBottom = (__StackTop - SIZEOF (.stack_dummy))
                0x20042000                        PROVIDE (__stack = __StackTop)
                [!provide]                        PROVIDE (__heap_start = __end__)
                [!provide]                        PROVIDE (__heap_end = __HeapLimit)
                [!provide]                        PROVIDE (__tls_align = MAX (ALIGNOF (.tdata), ALIGNOF (.tbss)))
                [!provide]                        PROVIDE (__tls_size_align = (((__tls_size + __tls_align) - 0x1) & ~ ((__tls_align - 0x1))))
                [!provide]                        PROVIDE (__arm32_tls_tcb_offset = MAX (0x8, __tls_align))
                [!provide]                        PROVIDE (_end = __end__)
                [!provide]                        PROVIDE (__llvm_libc_heap_limit = __HeapLimit)
                0x00000001                        ASSERT ((__StackLimit >= __HeapLimit), region RAM overflowed)
                0x00000001                        ASSERT (((__binary_info_header_end - __logical_binary_start) <= 0x100), Binary info must be in first 256 bytes of the binary)
LOAD CMakeFiles/hello_world.dir/main.c.o
LOAD CMakeFiles/hello_world.dir/Users/vaughnnguyen/dev/sdk/pico-sdk/src/rp2_common/pico_stdlib/stdlib.c.o
LOAD CMakeFiles/hello_world.dir/Users/vaughnnguyen/dev/sdk/pico-sdk/src/rp2_common/hardware_gpio/gpio.c.o
LOAD CMakeFiles/hello_world.dir/Users/vaughnnguyen/dev/sdk/pico-sdk/src/rp2040/pico_platform/platform.c.o
LOAD CMakeFiles/hello_world.dir/Users/vaughnnguyen/dev/sdk/pico-sdk/src/rp2_common/pico_platform_panic/panic.c.o
LOAD CMakeFiles/hello_world.dir/Users/vaughnnguyen/dev/sdk/pico-sdk/src/common/hardware_claim/claim.c.o
LOAD CMakeFiles/hello_world.dir/Users/vaughnnguyen/dev/sdk/pico-sdk/src/rp2_common/hardware_sync/sync.c.o
LOAD CMakeFiles/hello_world.dir/Users/vaughnnguyen/dev/sdk/pico-sdk/src/rp2_common/hardware_sync_spin_lock/sync_spin_lock.c.o
LOAD CMakeFiles/hello_world.dir/Users/vaughnnguyen/dev/sdk/pico-sdk/src/rp2_common/hardware_irq/irq.c.o
LOAD CMakeFiles/hello_world.dir/Users/vaughnnguyen/dev/sdk/pico-sdk/src/rp2_common/hardware_irq/irq_handler_chain.S.o
LOAD CMakeFiles/hello_world.dir/Users/vaughnnguyen/dev/sdk/pico-sdk/src/common/pico_sync/sem.c.o
LOAD CMakeFiles/hello_world.dir/Users/vaughnnguyen/dev/sdk/pico-sdk/src/common/pico_sync/lock_core.c.o
LOAD CMakeFiles/hello_world.dir/Users/vaughnnguyen/dev/sdk/pico-sdk/src/common/pico_sync/mutex.c.o
LOAD CMakeFiles/hello_world.dir/Users/vaughnnguyen/dev/sdk/pico-sdk/src/common/pico_sync/critical_section.c.o
LOAD CMakeFiles/hello_world.dir/Users/vaughnnguyen/dev/sdk/pico-sdk/src/common/pico_time/time.c.o
LOAD CMakeFiles/hello_world.dir/Users/vaughnnguyen/dev/sdk/pico-sdk/src/common/pico_time/timeout_helper.c.o
LOAD CMakeFiles/hello_world.dir/Users/vaughnnguyen/dev/sdk/pico-sdk/src/rp2_common/hardware_timer/timer.c.o
LOAD CMakeFiles/hello_world.dir/Users/vaughnnguyen/dev/sdk/pico-sdk/src/common/pico_util/datetime.c.o
LOAD CMakeFiles/hello_world.dir/Users/vaughnnguyen/dev/sdk/pico-sdk/src/common/pico_util/pheap.c.o
LOAD CMakeFiles/hello_world.dir/Users/vaughnnguyen/dev/sdk/pico-sdk/src/common/pico_util/queue.c.o
LOAD CMakeFiles/hello_world.dir/Users/vaughnnguyen/dev/sdk/pico-sdk/src/rp2_common/hardware_uart/uart.c.o
LOAD CMakeFiles/hello_world.dir/Users/vaughnnguyen/dev/sdk/pico-sdk/src/rp2_common/hardware_clocks/clocks.c.o
LOAD CMakeFiles/hello_world.dir/Users/vaughnnguyen/dev/sdk/pico-sdk/src/rp2_common/hardware_pll/pll.c.o
LOAD CMakeFiles/hello_world.dir/Users/vaughnnguyen/dev/sdk/pico-sdk/src/rp2_common/hardware_vreg/vreg.c.o
LOAD CMakeFiles/hello_world.dir/Users/vaughnnguyen/dev/sdk/pico-sdk/src/rp2_common/hardware_watchdog/watchdog.c.o
LOAD CMakeFiles/hello_world.dir/Users/vaughnnguyen/dev/sdk/pico-sdk/src/rp2_common/hardware_ticks/ticks.c.o
LOAD CMakeFiles/hello_world.dir/Users/vaughnnguyen/dev/sdk/pico-sdk/src/rp2_common/pico_bootrom/bootrom.c.o
LOAD CMakeFiles/hello_world.dir/Users/vaughnnguyen/dev/sdk/pico-sdk/src/rp2_common/pico_bootrom/bootrom_lock.c.o
LOAD CMakeFiles/hello_world.dir/Users/vaughnnguyen/dev/sdk/pico-sdk/src/rp2_common/hardware_boot_lock/boot_lock.c.o
LOAD CMakeFiles/hello_world.dir/Users/vaughnnguyen/dev/sdk/pico-sdk/src/rp2_common/pico_flash/flash.c.o
LOAD CMakeFiles/hello_world.dir/Users/vaughnnguyen/dev/sdk/pico-sdk/src/rp2_common/hardware_xosc/xosc.c.o
LOAD CMakeFiles/hello_world.dir/Users/vaughnnguyen/dev/sdk/pico-sdk/src/rp2_common/hardware_divider/divider.S.o
LOAD CMakeFiles/hello_world.dir/Users/vaughnnguyen/dev/sdk/pico-sdk/src/rp2_common/pico_runtime/runtime.c.o
LOAD CMakeFiles/hello_world.dir/Users/vaughnnguyen/dev/sdk/pico-sdk/src/rp2_common/pico_runtime_init/runtime_init.c.o
LOAD CMakeFiles/hello_world.dir/Users/vaughnnguyen/dev/sdk/pico-sdk/src/rp2_common/pico_runtime_init/runtime_init_clocks.c.o
LOAD CMakeFiles/hello_world.dir/Users/vaughnnguyen/dev/sdk/pico-sdk/src/rp2_common/pico_runtime_init/runtime_init_stack_guard.c.o
LOAD CMakeFiles/hello_world.dir/Users/vaughnnguyen/dev/sdk/pico-sdk/src/rp2_common/pico_bit_ops/bit_ops_aeabi.S.o
LOAD CMakeFiles/hello_world.dir/Users/vaughnnguyen/dev/sdk/pico-sdk/src/rp2_common/pico_divider/divider_hardware.S.o
LOAD CMakeFiles/hello_world.dir/Users/vaughnnguyen/dev/sdk/pico-sdk/src/rp2_common/pico_double/double_aeabi_rp2040.S.o
LOAD CMakeFiles/hello_world.dir/Users/vaughnnguyen/dev/sdk/pico-sdk/src/rp2_common/pico_double/double_init_rom_rp2040.c.o
LOAD CMakeFiles/hello_world.dir/Users/vaughnnguyen/dev/sdk/pico-sdk/src/rp2_common/pico_double/double_math.c.o
LOAD CMakeFiles/hello_world.dir/Users/vaughnnguyen/dev/sdk/pico-sdk/src/rp2_common/pico_double/double_v1_rom_shim_rp2040.S.o
LOAD CMakeFiles/hello_world.dir/Users/vaughnnguyen/dev/sdk/pico-sdk/src/rp2_common/pico_int64_ops/pico_int64_ops_aeabi.S.o
LOAD CMakeFiles/hello_world.dir/Users/vaughnnguyen/dev/sdk/pico-sdk/src/rp2_common/pico_float/float_aeabi_rp2040.S.o
LOAD CMakeFiles/hello_world.dir/Users/vaughnnguyen/dev/sdk/pico-sdk/src/rp2_common/pico_float/float_init_rom_rp2040.c.o
LOAD CMakeFiles/hello_world.dir/Users/vaughnnguyen/dev/sdk/pico-sdk/src/rp2_common/pico_float/float_math.c.o
LOAD CMakeFiles/hello_world.dir/Users/vaughnnguyen/dev/sdk/pico-sdk/src/rp2_common/pico_float/float_v1_rom_shim_rp2040.S.o
LOAD CMakeFiles/hello_world.dir/Users/vaughnnguyen/dev/sdk/pico-sdk/src/rp2_common/pico_malloc/malloc.c.o
LOAD CMakeFiles/hello_world.dir/Users/vaughnnguyen/dev/sdk/pico-sdk/src/rp2_common/pico_mem_ops/mem_ops_aeabi.S.o
LOAD CMakeFiles/hello_world.dir/Users/vaughnnguyen/dev/sdk/pico-sdk/src/rp2_common/pico_atomic/atomic.c.o
LOAD CMakeFiles/hello_world.dir/Users/vaughnnguyen/dev/sdk/pico-sdk/src/rp2_common/pico_cxx_options/new_delete.cpp.o
LOAD CMakeFiles/hello_world.dir/Users/vaughnnguyen/dev/sdk/pico-sdk/src/rp2_common/pico_standard_binary_info/standard_binary_info.c.o
LOAD CMakeFiles/hello_world.dir/Users/vaughnnguyen/dev/sdk/pico-sdk/src/rp2_common/pico_printf/printf.c.o
LOAD CMakeFiles/hello_world.dir/Users/vaughnnguyen/dev/sdk/pico-sdk/src/rp2_common/pico_crt0/crt0.S.o
LOAD CMakeFiles/hello_world.dir/Users/vaughnnguyen/dev/sdk/pico-sdk/src/rp2_common/pico_clib_interface/newlib_interface.c.o
LOAD CMakeFiles/hello_world.dir/Users/vaughnnguyen/dev/sdk/pico-sdk/src/rp2_common/pico_stdio/stdio.c.o
LOAD CMakeFiles/hello_world.dir/Users/vaughnnguyen/dev/sdk/pico-sdk/src/rp2_common/pico_stdio_uart/stdio_uart.c.o
LOAD pico-sdk/src/rp2040/boot_stage2/CMakeFiles/bs2_default_library.dir/bs2_default_padded_checksummed.S.o
LOAD /Applications/ArmGNUToolchain/14.2.rel1/arm-none-eabi/bin/../lib/gcc/arm-none-eabi/14.2.1/../../../../arm-none-eabi/lib/thumb/v6-m/nofp/libstdc++.a
LOAD /Applications/ArmGNUToolchain/14.2.rel1/arm-none-eabi/bin/../lib/gcc/arm-none-eabi/14.2.1/../../../../arm-none-eabi/lib/thumb/v6-m/nofp/libm.a
START GROUP
LOAD /Applications/ArmGNUToolchain/14.2.rel1/arm-none-eabi/bin/../lib/gcc/arm-none-eabi/14.2.1/thumb/v6-m/nofp/libgcc.a
LOAD /Applications/ArmGNUToolchain/14.2.rel1/arm-none-eabi/bin/../lib/gcc/arm-none-eabi/14.2.1/../../../../arm-none-eabi/lib/thumb/v6-m/nofp/libg.a
LOAD /Applications/ArmGNUToolchain/14.2.rel1/arm-none-eabi/bin/../lib/gcc/arm-none-eabi/14.2.1/../../../../arm-none-eabi/lib/thumb/v6-m/nofp/libc.a
END GROUP
START GROUP
LOAD /Applications/ArmGNUToolchain/14.2.rel1/arm-none-eabi/bin/../lib/gcc/arm-none-eabi/14.2.1/thumb/v6-m/nofp/libgcc.a
LOAD /Applications/ArmGNUToolchain/14.2.rel1/arm-none-eabi/bin/../lib/gcc/arm-none-eabi/14.2.1/../../../../arm-none-eabi/lib/thumb/v6-m/nofp/libc.a
LOAD /Applications/ArmGNUToolchain/14.2.rel1/arm-none-eabi/bin/../lib/gcc/arm-none-eabi/14.2.1/../../../../arm-none-eabi/lib/thumb/v6-m/nofp/libnosys.a
END GROUP
LOAD /Applications/ArmGNUToolchain/14.2.rel1/arm-none-eabi/bin/../lib/gcc/arm-none-eabi/14.2.1/thumb/v6-m/nofp/crtend.o
LOAD /Applications/ArmGNUToolchain/14.2.rel1/arm-none-eabi/bin/../lib/gcc/arm-none-eabi/14.2.1/thumb/v6-m/nofp/crtn.o
OUTPUT(hello_world.elf elf32-littlearm)
LOAD linker stubs

.ARM.attributes
                0x00000000       0x28
 .ARM.attributes
                0x00000000       0x1e /Applications/ArmGNUToolchain/14.2.rel1/arm-none-eabi/bin/../lib/gcc/arm-none-eabi/14.2.1/thumb/v6-m/nofp/crti.o
 .ARM.attributes
                0x0000001e       0x2c /Applications/ArmGNUToolchain/14.2.rel1/arm-none-eabi/bin/../lib/gcc/arm-none-eabi/14.2.1/thumb/v6-m/nofp/crtbegin.o
 .ARM.attributes
                0x0000004a       0x2c CMakeFiles/hello_world.dir/main.c.o
 .ARM.attributes
                0x00000076       0x2c CMakeFiles/hello_world.dir/Users/vaughnnguyen/dev/sdk/pico-sdk/src/rp2_common/pico_stdlib/stdlib.c.o
 .ARM.attributes
                0x000000a2       0x2c CMakeFiles/hello_world.dir/Users/vaughnnguyen/dev/sdk/pico-sdk/src/rp2_common/hardware_gpio/gpio.c.o
 .ARM.attributes
                0x000000ce       0x2c CMakeFiles/hello_world.dir/Users/vaughnnguyen/dev/sdk/pico-sdk/src/rp2_common/pico_platform_panic/panic.c.o
 .ARM.attributes
                0x000000fa       0x2c CMakeFiles/hello_world.dir/Users/vaughnnguyen/dev/sdk/pico-sdk/src/common/hardware_claim/claim.c.o
 .ARM.attributes
                0x00000126       0x2c CMakeFiles/hello_world.dir/Users/vaughnnguyen/dev/sdk/pico-sdk/src/rp2_common/hardware_sync/sync.c.o
 .ARM.attributes
                0x00000152       0x2c CMakeFiles/hello_world.dir/Users/vaughnnguyen/dev/sdk/pico-sdk/src/rp2_common/hardware_sync_spin_lock/sync_spin_lock.c.o
 .ARM.attributes
                0x0000017e       0x2c CMakeFiles/hello_world.dir/Users/vaughnnguyen/dev/sdk/pico-sdk/src/rp2_common/hardware_irq/irq.c.o
 .ARM.attributes
                0x000001aa       0x22 CMakeFiles/hello_world.dir/Users/vaughnnguyen/dev/sdk/pico-sdk/src/rp2_common/hardware_irq/irq_handler_chain.S.o
 .ARM.attributes
                0x000001cc       0x2c CMakeFiles/hello_world.dir/Users/vaughnnguyen/dev/sdk/pico-sdk/src/common/pico_sync/lock_core.c.o
 .ARM.attributes
                0x000001f8       0x2c CMakeFiles/hello_world.dir/Users/vaughnnguyen/dev/sdk/pico-sdk/src/common/pico_sync/mutex.c.o
 .ARM.attributes
                0x00000224       0x2c CMakeFiles/hello_world.dir/Users/vaughnnguyen/dev/sdk/pico-sdk/src/common/pico_time/time.c.o
 .ARM.attributes
                0x00000250       0x2c CMakeFiles/hello_world.dir/Users/vaughnnguyen/dev/sdk/pico-sdk/src/rp2_common/hardware_timer/timer.c.o
 .ARM.attributes
                0x0000027c       0x2c CMakeFiles/hello_world.dir/Users/vaughnnguyen/dev/sdk/pico-sdk/src/rp2_common/hardware_uart/uart.c.o
 .ARM.attributes
                0x000002a8       0x2c CMakeFiles/hello_world.dir/Users/vaughnnguyen/dev/sdk/pico-sdk/src/rp2_common/hardware_clocks/clocks.c.o
 .ARM.attributes
                0x000002d4       0x2c CMakeFiles/hello_world.dir/Users/vaughnnguyen/dev/sdk/pico-sdk/src/rp2_common/hardware_pll/pll.c.o
 .ARM.attributes
                0x00000300       0x2c CMakeFiles/hello_world.dir/Users/vaughnnguyen/dev/sdk/pico-sdk/src/rp2_common/hardware_ticks/ticks.c.o
 .ARM.attributes
                0x0000032c       0x2c CMakeFiles/hello_world.dir/Users/vaughnnguyen/dev/sdk/pico-sdk/src/rp2_common/pico_bootrom/bootrom.c.o
 .ARM.attributes
                0x00000358       0x2c CMakeFiles/hello_world.dir/Users/vaughnnguyen/dev/sdk/pico-sdk/src/rp2_common/hardware_xosc/xosc.c.o
 .ARM.attributes
                0x00000384       0x2c CMakeFiles/hello_world.dir/Users/vaughnnguyen/dev/sdk/pico-sdk/src/rp2_common/pico_runtime/runtime.c.o
 .ARM.attributes
                0x000003b0       0x2c CMakeFiles/hello_world.dir/Users/vaughnnguyen/dev/sdk/pico-sdk/src/rp2_common/pico_runtime_init/runtime_init.c.o
 .ARM.attributes
                0x000003dc       0x2c CMakeFiles/hello_world.dir/Users/vaughnnguyen/dev/sdk/pico-sdk/src/rp2_common/pico_runtime_init/runtime_init_clocks.c.o
 .ARM.attributes
                0x00000408       0x22 CMakeFiles/hello_world.dir/Users/vaughnnguyen/dev/sdk/pico-sdk/src/rp2_common/pico_bit_ops/bit_ops_aeabi.S.o
 .ARM.attributes
                0x0000042a       0x22 CMakeFiles/hello_world.dir/Users/vaughnnguyen/dev/sdk/pico-sdk/src/rp2_common/pico_divider/divider_hardware.S.o
 .ARM.attributes
                0x0000044c       0x22 CMakeFiles/hello_world.dir/Users/vaughnnguyen/dev/sdk/pico-sdk/src/rp2_common/pico_double/double_aeabi_rp2040.S.o
 .ARM.attributes
                0x0000046e       0x2c CMakeFiles/hello_world.dir/Users/vaughnnguyen/dev/sdk/pico-sdk/src/rp2_common/pico_double/double_init_rom_rp2040.c.o
 .ARM.attributes
                0x0000049a       0x22 CMakeFiles/hello_world.dir/Users/vaughnnguyen/dev/sdk/pico-sdk/src/rp2_common/pico_double/double_v1_rom_shim_rp2040.S.o
 .ARM.attributes
                0x000004bc       0x22 CMakeFiles/hello_world.dir/Users/vaughnnguyen/dev/sdk/pico-sdk/src/rp2_common/pico_float/float_aeabi_rp2040.S.o
 .ARM.attributes
                0x000004de       0x2c CMakeFiles/hello_world.dir/Users/vaughnnguyen/dev/sdk/pico-sdk/src/rp2_common/pico_float/float_init_rom_rp2040.c.o
 .ARM.attributes
                0x0000050a       0x22 CMakeFiles/hello_world.dir/Users/vaughnnguyen/dev/sdk/pico-sdk/src/rp2_common/pico_float/float_v1_rom_shim_rp2040.S.o
 .ARM.attributes
                0x0000052c       0x22 CMakeFiles/hello_world.dir/Users/vaughnnguyen/dev/sdk/pico-sdk/src/rp2_common/pico_mem_ops/mem_ops_aeabi.S.o
 .ARM.attributes
                0x0000054e       0x2c CMakeFiles/hello_world.dir/Users/vaughnnguyen/dev/sdk/pico-sdk/src/rp2_common/pico_standard_binary_info/standard_binary_info.c.o
 .ARM.attributes
                0x0000057a       0x2c CMakeFiles/hello_world.dir/Users/vaughnnguyen/dev/sdk/pico-sdk/src/rp2_common/pico_printf/printf.c.o
 .ARM.attributes
                0x000005a6       0x22 CMakeFiles/hello_world.dir/Users/vaughnnguyen/dev/sdk/pico-sdk/src/rp2_common/pico_crt0/crt0.S.o
 .ARM.attributes
                0x000005c8       0x2c CMakeFiles/hello_world.dir/Users/vaughnnguyen/dev/sdk/pico-sdk/src/rp2_common/pico_clib_interface/newlib_interface.c.o
 .ARM.attributes
                0x000005f4       0x2c CMakeFiles/hello_world.dir/Users/vaughnnguyen/dev/sdk/pico-sdk/src/rp2_common/pico_stdio/stdio.c.o
 .ARM.attributes
                0x00000620       0x2c CMakeFiles/hello_world.dir/Users/vaughnnguyen/dev/sdk/pico-sdk/src/rp2_common/pico_stdio_uart/stdio_uart.c.o
 .ARM.attributes
                0x0000064c       0x22 pico-sdk/src/rp2040/boot_stage2/CMakeFiles/bs2_default_library.dir/bs2_default_padded_checksummed.S.o
 .ARM.attributes
                0x0000066e       0x1e /Applications/ArmGNUToolchain/14.2.rel1/arm-none-eabi/bin/../lib/gcc/arm-none-eabi/14.2.1/thumb/v6-m/nofp/libgcc.a(_dvmd_tls.o)
 .ARM.attributes
                0x0000068c       0x2c /Applications/ArmGNUToolchain/14.2.rel1/arm-none-eabi/bin/../lib/gcc/arm-none-eabi/14.2.1/../../../../arm-none-eabi/lib/thumb/v6-m/nofp/libg.a(libc_a-strlen-stub.o)
 .ARM.attributes
                0x000006b8       0x2c /Applications/ArmGNUToolchain/14.2.rel1/arm-none-eabi/bin/../lib/gcc/arm-none-eabi/14.2.1/thumb/v6-m/nofp/crtend.o

.comment        0x00000000       0x45
 .comment       0x00000000       0x45 CMakeFiles/hello_world.dir/main.c.o
                                 0x46 (size before relaxing)
 .comment       0x00000045       0x46 CMakeFiles/hello_world.dir/Users/vaughnnguyen/dev/sdk/pico-sdk/src/rp2_common/pico_stdlib/stdlib.c.o
 .comment       0x00000045       0x46 CMakeFiles/hello_world.dir/Users/vaughnnguyen/dev/sdk/pico-sdk/src/rp2_common/hardware_gpio/gpio.c.o
 .comment       0x00000045       0x46 CMakeFiles/hello_world.dir/Users/vaughnnguyen/dev/sdk/pico-sdk/src/rp2_common/pico_platform_panic/panic.c.o
 .comment       0x00000045       0x46 CMakeFiles/hello_world.dir/Users/vaughnnguyen/dev/sdk/pico-sdk/src/common/hardware_claim/claim.c.o
 .comment       0x00000045       0x46 CMakeFiles/hello_world.dir/Users/vaughnnguyen/dev/sdk/pico-sdk/src/rp2_common/hardware_sync/sync.c.o
 .comment       0x00000045       0x46 CMakeFiles/hello_world.dir/Users/vaughnnguyen/dev/sdk/pico-sdk/src/rp2_common/hardware_sync_spin_lock/sync_spin_lock.c.o
 .comment       0x00000045       0x46 CMakeFiles/hello_world.dir/Users/vaughnnguyen/dev/sdk/pico-sdk/src/rp2_common/hardware_irq/irq.c.o
 .comment       0x00000045       0x46 CMakeFiles/hello_world.dir/Users/vaughnnguyen/dev/sdk/pico-sdk/src/common/pico_sync/lock_core.c.o
 .comment       0x00000045       0x46 CMakeFiles/hello_world.dir/Users/vaughnnguyen/dev/sdk/pico-sdk/src/common/pico_sync/mutex.c.o
 .comment       0x00000045       0x46 CMakeFiles/hello_world.dir/Users/vaughnnguyen/dev/sdk/pico-sdk/src/common/pico_time/time.c.o
 .comment       0x00000045       0x46 CMakeFiles/hello_world.dir/Users/vaughnnguyen/dev/sdk/pico-sdk/src/rp2_common/hardware_timer/timer.c.o
 .comment       0x00000045       0x46 CMakeFiles/hello_world.dir/Users/vaughnnguyen/dev/sdk/pico-sdk/src/rp2_common/hardware_uart/uart.c.o
 .comment       0x00000045       0x46 CMakeFiles/hello_world.dir/Users/vaughnnguyen/dev/sdk/pico-sdk/src/rp2_common/hardware_clocks/clocks.c.o
 .comment       0x00000045       0x46 CMakeFiles/hello_world.dir/Users/vaughnnguyen/dev/sdk/pico-sdk/src/rp2_common/hardware_pll/pll.c.o
 .comment       0x00000045       0x46 CMakeFiles/hello_world.dir/Users/vaughnnguyen/dev/sdk/pico-sdk/src/rp2_common/hardware_ticks/ticks.c.o
 .comment       0x00000045       0x46 CMakeFiles/hello_world.dir/Users/vaughnnguyen/dev/sdk/pico-sdk/src/rp2_common/pico_bootrom/bootrom.c.o
 .comment       0x00000045       0x46 CMakeFiles/hello_world.dir/Users/vaughnnguyen/dev/sdk/pico-sdk/src/rp2_common/hardware_xosc/xosc.c.o
 .comment       0x00000045       0x46 CMakeFiles/hello_world.dir/Users/vaughnnguyen/dev/sdk/pico-sdk/src/rp2_common/pico_runtime/runtime.c.o
 .comment       0x00000045       0x46 CMakeFiles/hello_world.dir/Users/vaughnnguyen/dev/sdk/pico-sdk/src/rp2_common/pico_runtime_init/runtime_init.c.o
 .comment       0x00000045       0x46 CMakeFiles/hello_world.dir/Users/vaughnnguyen/dev/sdk/pico-sdk/src/rp2_common/pico_runtime_init/runtime_init_clocks.c.o
 .comment       0x00000045       0x46 CMakeFiles/hello_world.dir/Users/vaughnnguyen/dev/sdk/pico-sdk/src/rp2_common/pico_double/double_init_rom_rp2040.c.o
 .comment       0x00000045       0x46 CMakeFiles/hello_world.dir/Users/vaughnnguyen/dev/sdk/pico-sdk/src/rp2_common/pico_float/float_init_rom_rp2040.c.o
 .comment       0x00000045       0x46 CMakeFiles/hello_world.dir/Users/vaughnnguyen/dev/sdk/pico-sdk/src/rp2_common/pico_standard_binary_info/standard_binary_info.c.o
 .comment       0x00000045       0x46 CMakeFiles/hello_world.dir/Users/vaughnnguyen/dev/sdk/pico-sdk/src/rp2_common/pico_printf/printf.c.o
 .comment       0x00000045       0x46 CMakeFiles/hello_world.dir/Users/vaughnnguyen/dev/sdk/pico-sdk/src/rp2_common/pico_clib_interface/newlib_interface.c.o
 .comment       0x00000045       0x46 CMakeFiles/hello_world.dir/Users/vaughnnguyen/dev/sdk/pico-sdk/src/rp2_common/pico_stdio/stdio.c.o
 .comment       0x00000045       0x46 CMakeFiles/hello_world.dir/Users/vaughnnguyen/dev/sdk/pico-sdk/src/rp2_common/pico_stdio_uart/stdio_uart.c.o

.debug_info     0x00000000    0x1cb3b
 .debug_info    0x00000000       0xcc CMakeFiles/hello_world.dir/main.c.o
 .debug_info    0x000000cc       0x9f CMakeFiles/hello_world.dir/Users/vaughnnguyen/dev/sdk/pico-sdk/src/rp2_common/pico_stdlib/stdlib.c.o
 .debug_info    0x0000016b     0x242d CMakeFiles/hello_world.dir/Users/vaughnnguyen/dev/sdk/pico-sdk/src/rp2_common/hardware_gpio/gpio.c.o
 .debug_info    0x00002598      0x1bf CMakeFiles/hello_world.dir/Users/vaughnnguyen/dev/sdk/pico-sdk/src/rp2_common/pico_platform_panic/panic.c.o
 .debug_info    0x00002757      0x9a1 CMakeFiles/hello_world.dir/Users/vaughnnguyen/dev/sdk/pico-sdk/src/common/hardware_claim/claim.c.o
 .debug_info    0x000030f8      0x45c CMakeFiles/hello_world.dir/Users/vaughnnguyen/dev/sdk/pico-sdk/src/rp2_common/hardware_sync/sync.c.o
 .debug_info    0x00003554      0x245 CMakeFiles/hello_world.dir/Users/vaughnnguyen/dev/sdk/pico-sdk/src/rp2_common/hardware_sync_spin_lock/sync_spin_lock.c.o
 .debug_info    0x00003799     0x220f CMakeFiles/hello_world.dir/Users/vaughnnguyen/dev/sdk/pico-sdk/src/rp2_common/hardware_irq/irq.c.o
 .debug_info    0x000059a8      0x15f CMakeFiles/hello_world.dir/Users/vaughnnguyen/dev/sdk/pico-sdk/src/common/pico_sync/lock_core.c.o
 .debug_info    0x00005b07     0x27f1 CMakeFiles/hello_world.dir/Users/vaughnnguyen/dev/sdk/pico-sdk/src/common/pico_sync/mutex.c.o
 .debug_info    0x000082f8     0x5036 CMakeFiles/hello_world.dir/Users/vaughnnguyen/dev/sdk/pico-sdk/src/common/pico_time/time.c.o
 .debug_info    0x0000d32e     0x2b13 CMakeFiles/hello_world.dir/Users/vaughnnguyen/dev/sdk/pico-sdk/src/rp2_common/hardware_timer/timer.c.o
 .debug_info    0x0000fe41     0x195f CMakeFiles/hello_world.dir/Users/vaughnnguyen/dev/sdk/pico-sdk/src/rp2_common/hardware_uart/uart.c.o
 .debug_info    0x000117a0     0x2991 CMakeFiles/hello_world.dir/Users/vaughnnguyen/dev/sdk/pico-sdk/src/rp2_common/hardware_clocks/clocks.c.o
 .debug_info    0x00014131      0x4e5 CMakeFiles/hello_world.dir/Users/vaughnnguyen/dev/sdk/pico-sdk/src/rp2_common/hardware_pll/pll.c.o
 .debug_info    0x00014616      0x248 CMakeFiles/hello_world.dir/Users/vaughnnguyen/dev/sdk/pico-sdk/src/rp2_common/hardware_ticks/ticks.c.o
 .debug_info    0x0001485e      0x678 CMakeFiles/hello_world.dir/Users/vaughnnguyen/dev/sdk/pico-sdk/src/rp2_common/pico_bootrom/bootrom.c.o
 .debug_info    0x00014ed6      0x1d0 CMakeFiles/hello_world.dir/Users/vaughnnguyen/dev/sdk/pico-sdk/src/rp2_common/hardware_xosc/xosc.c.o
 .debug_info    0x000150a6      0x21a CMakeFiles/hello_world.dir/Users/vaughnnguyen/dev/sdk/pico-sdk/src/rp2_common/pico_runtime/runtime.c.o
 .debug_info    0x000152c0      0x795 CMakeFiles/hello_world.dir/Users/vaughnnguyen/dev/sdk/pico-sdk/src/rp2_common/pico_runtime_init/runtime_init.c.o
 .debug_info    0x00015a55      0x781 CMakeFiles/hello_world.dir/Users/vaughnnguyen/dev/sdk/pico-sdk/src/rp2_common/pico_runtime_init/runtime_init_clocks.c.o
 .debug_info    0x000161d6       0x23 CMakeFiles/hello_world.dir/Users/vaughnnguyen/dev/sdk/pico-sdk/src/rp2_common/pico_bit_ops/bit_ops_aeabi.S.o
 .debug_info    0x000161f9       0x23 CMakeFiles/hello_world.dir/Users/vaughnnguyen/dev/sdk/pico-sdk/src/rp2_common/pico_divider/divider_hardware.S.o
 .debug_info    0x0001621c       0x23 CMakeFiles/hello_world.dir/Users/vaughnnguyen/dev/sdk/pico-sdk/src/rp2_common/pico_double/double_aeabi_rp2040.S.o
 .debug_info    0x0001623f      0x27e CMakeFiles/hello_world.dir/Users/vaughnnguyen/dev/sdk/pico-sdk/src/rp2_common/pico_double/double_init_rom_rp2040.c.o
 .debug_info    0x000164bd       0x23 CMakeFiles/hello_world.dir/Users/vaughnnguyen/dev/sdk/pico-sdk/src/rp2_common/pico_double/double_v1_rom_shim_rp2040.S.o
 .debug_info    0x000164e0       0x23 CMakeFiles/hello_world.dir/Users/vaughnnguyen/dev/sdk/pico-sdk/src/rp2_common/pico_float/float_aeabi_rp2040.S.o
 .debug_info    0x00016503      0x27e CMakeFiles/hello_world.dir/Users/vaughnnguyen/dev/sdk/pico-sdk/src/rp2_common/pico_float/float_init_rom_rp2040.c.o
 .debug_info    0x00016781       0x23 CMakeFiles/hello_world.dir/Users/vaughnnguyen/dev/sdk/pico-sdk/src/rp2_common/pico_float/float_v1_rom_shim_rp2040.S.o
 .debug_info    0x000167a4       0x23 CMakeFiles/hello_world.dir/Users/vaughnnguyen/dev/sdk/pico-sdk/src/rp2_common/pico_mem_ops/mem_ops_aeabi.S.o
 .debug_info    0x000167c7      0x2b8 CMakeFiles/hello_world.dir/Users/vaughnnguyen/dev/sdk/pico-sdk/src/rp2_common/pico_standard_binary_info/standard_binary_info.c.o
 .debug_info    0x00016a7f     0x22f2 CMakeFiles/hello_world.dir/Users/vaughnnguyen/dev/sdk/pico-sdk/src/rp2_common/pico_printf/printf.c.o
 .debug_info    0x00018d71       0x23 CMakeFiles/hello_world.dir/Users/vaughnnguyen/dev/sdk/pico-sdk/src/rp2_common/pico_crt0/crt0.S.o
 .debug_info    0x00018d94      0xb54 CMakeFiles/hello_world.dir/Users/vaughnnguyen/dev/sdk/pico-sdk/src/rp2_common/pico_clib_interface/newlib_interface.c.o
 .debug_info    0x000198e8     0x1d6c CMakeFiles/hello_world.dir/Users/vaughnnguyen/dev/sdk/pico-sdk/src/rp2_common/pico_stdio/stdio.c.o
 .debug_info    0x0001b654     0x14e7 CMakeFiles/hello_world.dir/Users/vaughnnguyen/dev/sdk/pico-sdk/src/rp2_common/pico_stdio_uart/stdio_uart.c.o

.debug_abbrev   0x00000000     0x507e
 .debug_abbrev  0x00000000       0x84 CMakeFiles/hello_world.dir/main.c.o
 .debug_abbrev  0x00000084       0x5f CMakeFiles/hello_world.dir/Users/vaughnnguyen/dev/sdk/pico-sdk/src/rp2_common/pico_stdlib/stdlib.c.o
 .debug_abbrev  0x000000e3      0x50e CMakeFiles/hello_world.dir/Users/vaughnnguyen/dev/sdk/pico-sdk/src/rp2_common/hardware_gpio/gpio.c.o
 .debug_abbrev  0x000005f1      0x12b CMakeFiles/hello_world.dir/Users/vaughnnguyen/dev/sdk/pico-sdk/src/rp2_common/pico_platform_panic/panic.c.o
 .debug_abbrev  0x0000071c      0x328 CMakeFiles/hello_world.dir/Users/vaughnnguyen/dev/sdk/pico-sdk/src/common/hardware_claim/claim.c.o
 .debug_abbrev  0x00000a44      0x20f CMakeFiles/hello_world.dir/Users/vaughnnguyen/dev/sdk/pico-sdk/src/rp2_common/hardware_sync/sync.c.o
 .debug_abbrev  0x00000c53      0x1bb CMakeFiles/hello_world.dir/Users/vaughnnguyen/dev/sdk/pico-sdk/src/rp2_common/hardware_sync_spin_lock/sync_spin_lock.c.o
 .debug_abbrev  0x00000e0e      0x614 CMakeFiles/hello_world.dir/Users/vaughnnguyen/dev/sdk/pico-sdk/src/rp2_common/hardware_irq/irq.c.o
 .debug_abbrev  0x00001422       0xee CMakeFiles/hello_world.dir/Users/vaughnnguyen/dev/sdk/pico-sdk/src/common/pico_sync/lock_core.c.o
 .debug_abbrev  0x00001510      0x48c CMakeFiles/hello_world.dir/Users/vaughnnguyen/dev/sdk/pico-sdk/src/common/pico_sync/mutex.c.o
 .debug_abbrev  0x0000199c      0x659 CMakeFiles/hello_world.dir/Users/vaughnnguyen/dev/sdk/pico-sdk/src/common/pico_time/time.c.o
 .debug_abbrev  0x00001ff5      0x4f2 CMakeFiles/hello_world.dir/Users/vaughnnguyen/dev/sdk/pico-sdk/src/rp2_common/hardware_timer/timer.c.o
 .debug_abbrev  0x000024e7      0x365 CMakeFiles/hello_world.dir/Users/vaughnnguyen/dev/sdk/pico-sdk/src/rp2_common/hardware_uart/uart.c.o
 .debug_abbrev  0x0000284c      0x4eb CMakeFiles/hello_world.dir/Users/vaughnnguyen/dev/sdk/pico-sdk/src/rp2_common/hardware_clocks/clocks.c.o
 .debug_abbrev  0x00002d37      0x1d2 CMakeFiles/hello_world.dir/Users/vaughnnguyen/dev/sdk/pico-sdk/src/rp2_common/hardware_pll/pll.c.o
 .debug_abbrev  0x00002f09      0x145 CMakeFiles/hello_world.dir/Users/vaughnnguyen/dev/sdk/pico-sdk/src/rp2_common/hardware_ticks/ticks.c.o
 .debug_abbrev  0x0000304e      0x1bc CMakeFiles/hello_world.dir/Users/vaughnnguyen/dev/sdk/pico-sdk/src/rp2_common/pico_bootrom/bootrom.c.o
 .debug_abbrev  0x0000320a      0x11d CMakeFiles/hello_world.dir/Users/vaughnnguyen/dev/sdk/pico-sdk/src/rp2_common/hardware_xosc/xosc.c.o
 .debug_abbrev  0x00003327      0x182 CMakeFiles/hello_world.dir/Users/vaughnnguyen/dev/sdk/pico-sdk/src/rp2_common/pico_runtime/runtime.c.o
 .debug_abbrev  0x000034a9      0x222 CMakeFiles/hello_world.dir/Users/vaughnnguyen/dev/sdk/pico-sdk/src/rp2_common/pico_runtime_init/runtime_init.c.o
 .debug_abbrev  0x000036cb      0x2af CMakeFiles/hello_world.dir/Users/vaughnnguyen/dev/sdk/pico-sdk/src/rp2_common/pico_runtime_init/runtime_init_clocks.c.o
 .debug_abbrev  0x0000397a       0x12 CMakeFiles/hello_world.dir/Users/vaughnnguyen/dev/sdk/pico-sdk/src/rp2_common/pico_bit_ops/bit_ops_aeabi.S.o
 .debug_abbrev  0x0000398c       0x12 CMakeFiles/hello_world.dir/Users/vaughnnguyen/dev/sdk/pico-sdk/src/rp2_common/pico_divider/divider_hardware.S.o
 .debug_abbrev  0x0000399e       0x12 CMakeFiles/hello_world.dir/Users/vaughnnguyen/dev/sdk/pico-sdk/src/rp2_common/pico_double/double_aeabi_rp2040.S.o
 .debug_abbrev  0x000039b0      0x17a CMakeFiles/hello_world.dir/Users/vaughnnguyen/dev/sdk/pico-sdk/src/rp2_common/pico_double/double_init_rom_rp2040.c.o
 .debug_abbrev  0x00003b2a       0x12 CMakeFiles/hello_world.dir/Users/vaughnnguyen/dev/sdk/pico-sdk/src/rp2_common/pico_double/double_v1_rom_shim_rp2040.S.o
 .debug_abbrev  0x00003b3c       0x12 CMakeFiles/hello_world.dir/Users/vaughnnguyen/dev/sdk/pico-sdk/src/rp2_common/pico_float/float_aeabi_rp2040.S.o
 .debug_abbrev  0x00003b4e      0x173 CMakeFiles/hello_world.dir/Users/vaughnnguyen/dev/sdk/pico-sdk/src/rp2_common/pico_float/float_init_rom_rp2040.c.o
 .debug_abbrev  0x00003cc1       0x12 CMakeFiles/hello_world.dir/Users/vaughnnguyen/dev/sdk/pico-sdk/src/rp2_common/pico_float/float_v1_rom_shim_rp2040.S.o
 .debug_abbrev  0x00003cd3       0x12 CMakeFiles/hello_world.dir/Users/vaughnnguyen/dev/sdk/pico-sdk/src/rp2_common/pico_mem_ops/mem_ops_aeabi.S.o
 .debug_abbrev  0x00003ce5       0xb8 CMakeFiles/hello_world.dir/Users/vaughnnguyen/dev/sdk/pico-sdk/src/rp2_common/pico_standard_binary_info/standard_binary_info.c.o
 .debug_abbrev  0x00003d9d      0x50c CMakeFiles/hello_world.dir/Users/vaughnnguyen/dev/sdk/pico-sdk/src/rp2_common/pico_printf/printf.c.o
 .debug_abbrev  0x000042a9       0x12 CMakeFiles/hello_world.dir/Users/vaughnnguyen/dev/sdk/pico-sdk/src/rp2_common/pico_crt0/crt0.S.o
 .debug_abbrev  0x000042bb      0x352 CMakeFiles/hello_world.dir/Users/vaughnnguyen/dev/sdk/pico-sdk/src/rp2_common/pico_clib_interface/newlib_interface.c.o
 .debug_abbrev  0x0000460d      0x5d9 CMakeFiles/hello_world.dir/Users/vaughnnguyen/dev/sdk/pico-sdk/src/rp2_common/pico_stdio/stdio.c.o
 .debug_abbrev  0x00004be6      0x498 CMakeFiles/hello_world.dir/Users/vaughnnguyen/dev/sdk/pico-sdk/src/rp2_common/pico_stdio_uart/stdio_uart.c.o

.debug_aranges  0x00000000      0xf40
 .debug_aranges
                0x00000000       0x20 CMakeFiles/hello_world.dir/main.c.o
 .debug_aranges
                0x00000020       0x20 CMakeFiles/hello_world.dir/Users/vaughnnguyen/dev/sdk/pico-sdk/src/rp2_common/pico_stdlib/stdlib.c.o
 .debug_aranges
                0x00000040      0x120 CMakeFiles/hello_world.dir/Users/vaughnnguyen/dev/sdk/pico-sdk/src/rp2_common/hardware_gpio/gpio.c.o
 .debug_aranges
                0x00000160       0x28 CMakeFiles/hello_world.dir/Users/vaughnnguyen/dev/sdk/pico-sdk/src/rp2_common/pico_platform_panic/panic.c.o
 .debug_aranges
                0x00000188       0x48 CMakeFiles/hello_world.dir/Users/vaughnnguyen/dev/sdk/pico-sdk/src/common/hardware_claim/claim.c.o
 .debug_aranges
                0x000001d0       0x48 CMakeFiles/hello_world.dir/Users/vaughnnguyen/dev/sdk/pico-sdk/src/rp2_common/hardware_sync/sync.c.o
 .debug_aranges
                0x00000218       0x28 CMakeFiles/hello_world.dir/Users/vaughnnguyen/dev/sdk/pico-sdk/src/rp2_common/hardware_sync_spin_lock/sync_spin_lock.c.o
 .debug_aranges
                0x00000240       0xb8 CMakeFiles/hello_world.dir/Users/vaughnnguyen/dev/sdk/pico-sdk/src/rp2_common/hardware_irq/irq.c.o
 .debug_aranges
                0x000002f8       0x20 CMakeFiles/hello_world.dir/Users/vaughnnguyen/dev/sdk/pico-sdk/src/common/pico_sync/lock_core.c.o
 .debug_aranges
                0x00000318       0x98 CMakeFiles/hello_world.dir/Users/vaughnnguyen/dev/sdk/pico-sdk/src/common/pico_sync/mutex.c.o
 .debug_aranges
                0x000003b0       0xe0 CMakeFiles/hello_world.dir/Users/vaughnnguyen/dev/sdk/pico-sdk/src/common/pico_time/time.c.o
 .debug_aranges
                0x00000490       0xf0 CMakeFiles/hello_world.dir/Users/vaughnnguyen/dev/sdk/pico-sdk/src/rp2_common/hardware_timer/timer.c.o
 .debug_aranges
                0x00000580       0x58 CMakeFiles/hello_world.dir/Users/vaughnnguyen/dev/sdk/pico-sdk/src/rp2_common/hardware_uart/uart.c.o
 .debug_aranges
                0x000005d8       0x90 CMakeFiles/hello_world.dir/Users/vaughnnguyen/dev/sdk/pico-sdk/src/rp2_common/hardware_clocks/clocks.c.o
 .debug_aranges
                0x00000668       0x28 CMakeFiles/hello_world.dir/Users/vaughnnguyen/dev/sdk/pico-sdk/src/rp2_common/hardware_pll/pll.c.o
 .debug_aranges
                0x00000690       0x30 CMakeFiles/hello_world.dir/Users/vaughnnguyen/dev/sdk/pico-sdk/src/rp2_common/hardware_ticks/ticks.c.o
 .debug_aranges
                0x000006c0       0x40 CMakeFiles/hello_world.dir/Users/vaughnnguyen/dev/sdk/pico-sdk/src/rp2_common/pico_bootrom/bootrom.c.o
 .debug_aranges
                0x00000700       0x30 CMakeFiles/hello_world.dir/Users/vaughnnguyen/dev/sdk/pico-sdk/src/rp2_common/hardware_xosc/xosc.c.o
 .debug_aranges
                0x00000730       0x38 CMakeFiles/hello_world.dir/Users/vaughnnguyen/dev/sdk/pico-sdk/src/rp2_common/pico_runtime/runtime.c.o
 .debug_aranges
                0x00000768       0x48 CMakeFiles/hello_world.dir/Users/vaughnnguyen/dev/sdk/pico-sdk/src/rp2_common/pico_runtime_init/runtime_init.c.o
 .debug_aranges
                0x000007b0       0x20 CMakeFiles/hello_world.dir/Users/vaughnnguyen/dev/sdk/pico-sdk/src/rp2_common/pico_runtime_init/runtime_init_clocks.c.o
 .debug_aranges
                0x000007d0       0x60 CMakeFiles/hello_world.dir/Users/vaughnnguyen/dev/sdk/pico-sdk/src/rp2_common/pico_bit_ops/bit_ops_aeabi.S.o
 .debug_aranges
                0x00000830       0x40 CMakeFiles/hello_world.dir/Users/vaughnnguyen/dev/sdk/pico-sdk/src/rp2_common/pico_divider/divider_hardware.S.o
 .debug_aranges
                0x00000870      0x150 CMakeFiles/hello_world.dir/Users/vaughnnguyen/dev/sdk/pico-sdk/src/rp2_common/pico_double/double_aeabi_rp2040.S.o
 .debug_aranges
                0x000009c0       0x20 CMakeFiles/hello_world.dir/Users/vaughnnguyen/dev/sdk/pico-sdk/src/rp2_common/pico_double/double_init_rom_rp2040.c.o
 .debug_aranges
                0x000009e0       0xc8 CMakeFiles/hello_world.dir/Users/vaughnnguyen/dev/sdk/pico-sdk/src/rp2_common/pico_double/double_v1_rom_shim_rp2040.S.o
 .debug_aranges
                0x00000aa8      0x138 CMakeFiles/hello_world.dir/Users/vaughnnguyen/dev/sdk/pico-sdk/src/rp2_common/pico_float/float_aeabi_rp2040.S.o
 .debug_aranges
                0x00000be0       0x20 CMakeFiles/hello_world.dir/Users/vaughnnguyen/dev/sdk/pico-sdk/src/rp2_common/pico_float/float_init_rom_rp2040.c.o
 .debug_aranges
                0x00000c00       0x50 CMakeFiles/hello_world.dir/Users/vaughnnguyen/dev/sdk/pico-sdk/src/rp2_common/pico_float/float_v1_rom_shim_rp2040.S.o
 .debug_aranges
                0x00000c50       0x38 CMakeFiles/hello_world.dir/Users/vaughnnguyen/dev/sdk/pico-sdk/src/rp2_common/pico_mem_ops/mem_ops_aeabi.S.o
 .debug_aranges
                0x00000c88       0x18 CMakeFiles/hello_world.dir/Users/vaughnnguyen/dev/sdk/pico-sdk/src/rp2_common/pico_standard_binary_info/standard_binary_info.c.o
 .debug_aranges
                0x00000ca0       0x90 CMakeFiles/hello_world.dir/Users/vaughnnguyen/dev/sdk/pico-sdk/src/rp2_common/pico_printf/printf.c.o
 .debug_aranges
                0x00000d30       0x28 CMakeFiles/hello_world.dir/Users/vaughnnguyen/dev/sdk/pico-sdk/src/rp2_common/pico_crt0/crt0.S.o
 .debug_aranges
                0x00000d58       0xa0 CMakeFiles/hello_world.dir/Users/vaughnnguyen/dev/sdk/pico-sdk/src/rp2_common/pico_clib_interface/newlib_interface.c.o
 .debug_aranges
                0x00000df8       0xc8 CMakeFiles/hello_world.dir/Users/vaughnnguyen/dev/sdk/pico-sdk/src/rp2_common/pico_stdio/stdio.c.o
 .debug_aranges
                0x00000ec0       0x80 CMakeFiles/hello_world.dir/Users/vaughnnguyen/dev/sdk/pico-sdk/src/rp2_common/pico_stdio_uart/stdio_uart.c.o

.debug_rnglists
                0x00000000     0x2e58
 .debug_rnglists
                0x00000000       0x13 CMakeFiles/hello_world.dir/main.c.o
 .debug_rnglists
                0x00000013       0x13 CMakeFiles/hello_world.dir/Users/vaughnnguyen/dev/sdk/pico-sdk/src/rp2_common/pico_stdlib/stdlib.c.o
 .debug_rnglists
                0x00000026      0x5d0 CMakeFiles/hello_world.dir/Users/vaughnnguyen/dev/sdk/pico-sdk/src/rp2_common/hardware_gpio/gpio.c.o
 .debug_rnglists
                0x000005f6       0x19 CMakeFiles/hello_world.dir/Users/vaughnnguyen/dev/sdk/pico-sdk/src/rp2_common/pico_platform_panic/panic.c.o
 .debug_rnglists
                0x0000060f       0xb6 CMakeFiles/hello_world.dir/Users/vaughnnguyen/dev/sdk/pico-sdk/src/common/hardware_claim/claim.c.o
 .debug_rnglists
                0x000006c5       0x58 CMakeFiles/hello_world.dir/Users/vaughnnguyen/dev/sdk/pico-sdk/src/rp2_common/hardware_sync/sync.c.o
 .debug_rnglists
                0x0000071d       0x3d CMakeFiles/hello_world.dir/Users/vaughnnguyen/dev/sdk/pico-sdk/src/rp2_common/hardware_sync_spin_lock/sync_spin_lock.c.o
 .debug_rnglists
                0x0000075a      0x37d CMakeFiles/hello_world.dir/Users/vaughnnguyen/dev/sdk/pico-sdk/src/rp2_common/hardware_irq/irq.c.o
 .debug_rnglists
                0x00000ad7       0x1f CMakeFiles/hello_world.dir/Users/vaughnnguyen/dev/sdk/pico-sdk/src/common/pico_sync/lock_core.c.o
 .debug_rnglists
                0x00000af6      0x325 CMakeFiles/hello_world.dir/Users/vaughnnguyen/dev/sdk/pico-sdk/src/common/pico_sync/mutex.c.o
 .debug_rnglists
                0x00000e1b      0x7e2 CMakeFiles/hello_world.dir/Users/vaughnnguyen/dev/sdk/pico-sdk/src/common/pico_time/time.c.o
 .debug_rnglists
                0x000015fd      0x2c6 CMakeFiles/hello_world.dir/Users/vaughnnguyen/dev/sdk/pico-sdk/src/rp2_common/hardware_timer/timer.c.o
 .debug_rnglists
                0x000018c3      0x259 CMakeFiles/hello_world.dir/Users/vaughnnguyen/dev/sdk/pico-sdk/src/rp2_common/hardware_uart/uart.c.o
 .debug_rnglists
                0x00001b1c      0x5af CMakeFiles/hello_world.dir/Users/vaughnnguyen/dev/sdk/pico-sdk/src/rp2_common/hardware_clocks/clocks.c.o
 .debug_rnglists
                0x000020cb       0x5c CMakeFiles/hello_world.dir/Users/vaughnnguyen/dev/sdk/pico-sdk/src/rp2_common/hardware_pll/pll.c.o
 .debug_rnglists
                0x00002127       0x2b CMakeFiles/hello_world.dir/Users/vaughnnguyen/dev/sdk/pico-sdk/src/rp2_common/hardware_ticks/ticks.c.o
 .debug_rnglists
                0x00002152      0x112 CMakeFiles/hello_world.dir/Users/vaughnnguyen/dev/sdk/pico-sdk/src/rp2_common/pico_bootrom/bootrom.c.o
 .debug_rnglists
                0x00002264       0x1f CMakeFiles/hello_world.dir/Users/vaughnnguyen/dev/sdk/pico-sdk/src/rp2_common/hardware_xosc/xosc.c.o
 .debug_rnglists
                0x00002283       0x3d CMakeFiles/hello_world.dir/Users/vaughnnguyen/dev/sdk/pico-sdk/src/rp2_common/pico_runtime/runtime.c.o
 .debug_rnglists
                0x000022c0       0x49 CMakeFiles/hello_world.dir/Users/vaughnnguyen/dev/sdk/pico-sdk/src/rp2_common/pico_runtime_init/runtime_init.c.o
 .debug_rnglists
                0x00002309       0x20 CMakeFiles/hello_world.dir/Users/vaughnnguyen/dev/sdk/pico-sdk/src/rp2_common/pico_runtime_init/runtime_init_clocks.c.o
 .debug_rnglists
                0x00002329       0x43 CMakeFiles/hello_world.dir/Users/vaughnnguyen/dev/sdk/pico-sdk/src/rp2_common/pico_bit_ops/bit_ops_aeabi.S.o
 .debug_rnglists
                0x0000236c       0x2c CMakeFiles/hello_world.dir/Users/vaughnnguyen/dev/sdk/pico-sdk/src/rp2_common/pico_divider/divider_hardware.S.o
 .debug_rnglists
                0x00002398       0xf9 CMakeFiles/hello_world.dir/Users/vaughnnguyen/dev/sdk/pico-sdk/src/rp2_common/pico_double/double_aeabi_rp2040.S.o
 .debug_rnglists
                0x00002491       0x14 CMakeFiles/hello_world.dir/Users/vaughnnguyen/dev/sdk/pico-sdk/src/rp2_common/pico_double/double_init_rom_rp2040.c.o
 .debug_rnglists
                0x000024a5       0x99 CMakeFiles/hello_world.dir/Users/vaughnnguyen/dev/sdk/pico-sdk/src/rp2_common/pico_double/double_v1_rom_shim_rp2040.S.o
 .debug_rnglists
                0x0000253e       0xe5 CMakeFiles/hello_world.dir/Users/vaughnnguyen/dev/sdk/pico-sdk/src/rp2_common/pico_float/float_aeabi_rp2040.S.o
 .debug_rnglists
                0x00002623       0x13 CMakeFiles/hello_world.dir/Users/vaughnnguyen/dev/sdk/pico-sdk/src/rp2_common/pico_float/float_init_rom_rp2040.c.o
 .debug_rnglists
                0x00002636       0x38 CMakeFiles/hello_world.dir/Users/vaughnnguyen/dev/sdk/pico-sdk/src/rp2_common/pico_float/float_v1_rom_shim_rp2040.S.o
 .debug_rnglists
                0x0000266e       0x25 CMakeFiles/hello_world.dir/Users/vaughnnguyen/dev/sdk/pico-sdk/src/rp2_common/pico_mem_ops/mem_ops_aeabi.S.o
 .debug_rnglists
                0x00002693      0x2a2 CMakeFiles/hello_world.dir/Users/vaughnnguyen/dev/sdk/pico-sdk/src/rp2_common/pico_printf/printf.c.o
 .debug_rnglists
                0x00002935       0x1b CMakeFiles/hello_world.dir/Users/vaughnnguyen/dev/sdk/pico-sdk/src/rp2_common/pico_crt0/crt0.S.o
 .debug_rnglists
                0x00002950       0x7f CMakeFiles/hello_world.dir/Users/vaughnnguyen/dev/sdk/pico-sdk/src/rp2_common/pico_clib_interface/newlib_interface.c.o
 .debug_rnglists
                0x000029cf      0x2bb CMakeFiles/hello_world.dir/Users/vaughnnguyen/dev/sdk/pico-sdk/src/rp2_common/pico_stdio/stdio.c.o
 .debug_rnglists
                0x00002c8a      0x1ce CMakeFiles/hello_world.dir/Users/vaughnnguyen/dev/sdk/pico-sdk/src/rp2_common/pico_stdio_uart/stdio_uart.c.o

.debug_line     0x00000000    0x174e5
 .debug_line    0x00000000       0xf9 CMakeFiles/hello_world.dir/main.c.o
 .debug_line    0x000000f9      0x147 CMakeFiles/hello_world.dir/Users/vaughnnguyen/dev/sdk/pico-sdk/src/rp2_common/pico_stdlib/stdlib.c.o
 .debug_line    0x00000240     0x1cc6 CMakeFiles/hello_world.dir/Users/vaughnnguyen/dev/sdk/pico-sdk/src/rp2_common/hardware_gpio/gpio.c.o
 .debug_line    0x00001f06      0x2ab CMakeFiles/hello_world.dir/Users/vaughnnguyen/dev/sdk/pico-sdk/src/rp2_common/pico_platform_panic/panic.c.o
 .debug_line    0x000021b1      0x916 CMakeFiles/hello_world.dir/Users/vaughnnguyen/dev/sdk/pico-sdk/src/common/hardware_claim/claim.c.o
 .debug_line    0x00002ac7      0x4f6 CMakeFiles/hello_world.dir/Users/vaughnnguyen/dev/sdk/pico-sdk/src/rp2_common/hardware_sync/sync.c.o
 .debug_line    0x00002fbd      0x3d6 CMakeFiles/hello_world.dir/Users/vaughnnguyen/dev/sdk/pico-sdk/src/rp2_common/hardware_sync_spin_lock/sync_spin_lock.c.o
 .debug_line    0x00003393     0x179b CMakeFiles/hello_world.dir/Users/vaughnnguyen/dev/sdk/pico-sdk/src/rp2_common/hardware_irq/irq.c.o
 .debug_line    0x00004b2e      0x301 CMakeFiles/hello_world.dir/Users/vaughnnguyen/dev/sdk/pico-sdk/src/common/pico_sync/lock_core.c.o
 .debug_line    0x00004e2f     0x1b6b CMakeFiles/hello_world.dir/Users/vaughnnguyen/dev/sdk/pico-sdk/src/common/pico_sync/mutex.c.o
 .debug_line    0x0000699a     0x358d CMakeFiles/hello_world.dir/Users/vaughnnguyen/dev/sdk/pico-sdk/src/common/pico_time/time.c.o
 .debug_line    0x00009f27     0x1d3e CMakeFiles/hello_world.dir/Users/vaughnnguyen/dev/sdk/pico-sdk/src/rp2_common/hardware_timer/timer.c.o
 .debug_line    0x0000bc65      0xfcf CMakeFiles/hello_world.dir/Users/vaughnnguyen/dev/sdk/pico-sdk/src/rp2_common/hardware_uart/uart.c.o
 .debug_line    0x0000cc34     0x2132 CMakeFiles/hello_world.dir/Users/vaughnnguyen/dev/sdk/pico-sdk/src/rp2_common/hardware_clocks/clocks.c.o
 .debug_line    0x0000ed66      0x520 CMakeFiles/hello_world.dir/Users/vaughnnguyen/dev/sdk/pico-sdk/src/rp2_common/hardware_pll/pll.c.o
 .debug_line    0x0000f286      0x360 CMakeFiles/hello_world.dir/Users/vaughnnguyen/dev/sdk/pico-sdk/src/rp2_common/hardware_ticks/ticks.c.o
 .debug_line    0x0000f5e6      0x476 CMakeFiles/hello_world.dir/Users/vaughnnguyen/dev/sdk/pico-sdk/src/rp2_common/pico_bootrom/bootrom.c.o
 .debug_line    0x0000fa5c      0x369 CMakeFiles/hello_world.dir/Users/vaughnnguyen/dev/sdk/pico-sdk/src/rp2_common/hardware_xosc/xosc.c.o
 .debug_line    0x0000fdc5      0x333 CMakeFiles/hello_world.dir/Users/vaughnnguyen/dev/sdk/pico-sdk/src/rp2_common/pico_runtime/runtime.c.o
 .debug_line    0x000100f8      0x562 CMakeFiles/hello_world.dir/Users/vaughnnguyen/dev/sdk/pico-sdk/src/rp2_common/pico_runtime_init/runtime_init.c.o
 .debug_line    0x0001065a      0x58f CMakeFiles/hello_world.dir/Users/vaughnnguyen/dev/sdk/pico-sdk/src/rp2_common/pico_runtime_init/runtime_init_clocks.c.o
 .debug_line    0x00010be9      0x107 CMakeFiles/hello_world.dir/Users/vaughnnguyen/dev/sdk/pico-sdk/src/rp2_common/pico_bit_ops/bit_ops_aeabi.S.o
 .debug_line    0x00010cf0      0x2a9 CMakeFiles/hello_world.dir/Users/vaughnnguyen/dev/sdk/pico-sdk/src/rp2_common/pico_divider/divider_hardware.S.o
 .debug_line    0x00010f99      0x452 CMakeFiles/hello_world.dir/Users/vaughnnguyen/dev/sdk/pico-sdk/src/rp2_common/pico_double/double_aeabi_rp2040.S.o
 .debug_line    0x000113eb      0x4bf CMakeFiles/hello_world.dir/Users/vaughnnguyen/dev/sdk/pico-sdk/src/rp2_common/pico_double/double_init_rom_rp2040.c.o
 .debug_line    0x000118aa      0x66d CMakeFiles/hello_world.dir/Users/vaughnnguyen/dev/sdk/pico-sdk/src/rp2_common/pico_double/double_v1_rom_shim_rp2040.S.o
 .debug_line    0x00011f17      0x3d2 CMakeFiles/hello_world.dir/Users/vaughnnguyen/dev/sdk/pico-sdk/src/rp2_common/pico_float/float_aeabi_rp2040.S.o
 .debug_line    0x000122e9      0x3d4 CMakeFiles/hello_world.dir/Users/vaughnnguyen/dev/sdk/pico-sdk/src/rp2_common/pico_float/float_init_rom_rp2040.c.o
 .debug_line    0x000126bd      0x195 CMakeFiles/hello_world.dir/Users/vaughnnguyen/dev/sdk/pico-sdk/src/rp2_common/pico_float/float_v1_rom_shim_rp2040.S.o
 .debug_line    0x00012852       0x94 CMakeFiles/hello_world.dir/Users/vaughnnguyen/dev/sdk/pico-sdk/src/rp2_common/pico_mem_ops/mem_ops_aeabi.S.o
 .debug_line    0x000128e6      0x20d CMakeFiles/hello_world.dir/Users/vaughnnguyen/dev/sdk/pico-sdk/src/rp2_common/pico_standard_binary_info/standard_binary_info.c.o
 .debug_line    0x00012af3     0x1d42 CMakeFiles/hello_world.dir/Users/vaughnnguyen/dev/sdk/pico-sdk/src/rp2_common/pico_printf/printf.c.o
 .debug_line    0x00014835       0xa5 CMakeFiles/hello_world.dir/Users/vaughnnguyen/dev/sdk/pico-sdk/src/rp2_common/pico_crt0/crt0.S.o
 .debug_line    0x000148da      0x89d CMakeFiles/hello_world.dir/Users/vaughnnguyen/dev/sdk/pico-sdk/src/rp2_common/pico_clib_interface/newlib_interface.c.o
 .debug_line    0x00015177     0x151b CMakeFiles/hello_world.dir/Users/vaughnnguyen/dev/sdk/pico-sdk/src/rp2_common/pico_stdio/stdio.c.o
 .debug_line    0x00016692      0xe53 CMakeFiles/hello_world.dir/Users/vaughnnguyen/dev/sdk/pico-sdk/src/rp2_common/pico_stdio_uart/stdio_uart.c.o

.debug_str      0x00000000     0x4a09
 .debug_str     0x00000000     0x4a09 CMakeFiles/hello_world.dir/main.c.o
                                0x1d2 (size before relaxing)
 .debug_str     0x00004a09      0x1c7 CMakeFiles/hello_world.dir/Users/vaughnnguyen/dev/sdk/pico-sdk/src/rp2_common/pico_stdlib/stdlib.c.o
 .debug_str     0x00004a09      0xc84 CMakeFiles/hello_world.dir/Users/vaughnnguyen/dev/sdk/pico-sdk/src/rp2_common/hardware_gpio/gpio.c.o
 .debug_str     0x00004a09      0x20f CMakeFiles/hello_world.dir/Users/vaughnnguyen/dev/sdk/pico-sdk/src/rp2_common/pico_platform_panic/panic.c.o
 .debug_str     0x00004a09      0x392 CMakeFiles/hello_world.dir/Users/vaughnnguyen/dev/sdk/pico-sdk/src/common/hardware_claim/claim.c.o
 .debug_str     0x00004a09      0x33b CMakeFiles/hello_world.dir/Users/vaughnnguyen/dev/sdk/pico-sdk/src/rp2_common/hardware_sync/sync.c.o
 .debug_str     0x00004a09      0x24e CMakeFiles/hello_world.dir/Users/vaughnnguyen/dev/sdk/pico-sdk/src/rp2_common/hardware_sync_spin_lock/sync_spin_lock.c.o
 .debug_str     0x00004a09      0xa82 CMakeFiles/hello_world.dir/Users/vaughnnguyen/dev/sdk/pico-sdk/src/rp2_common/hardware_irq/irq.c.o
 .debug_str     0x00004a09      0x21a CMakeFiles/hello_world.dir/Users/vaughnnguyen/dev/sdk/pico-sdk/src/common/pico_sync/lock_core.c.o
 .debug_str     0x00004a09      0x7ad CMakeFiles/hello_world.dir/Users/vaughnnguyen/dev/sdk/pico-sdk/src/common/pico_sync/mutex.c.o
 .debug_str     0x00004a09     0x11a3 CMakeFiles/hello_world.dir/Users/vaughnnguyen/dev/sdk/pico-sdk/src/common/pico_time/time.c.o
 .debug_str     0x00004a09      0x9f5 CMakeFiles/hello_world.dir/Users/vaughnnguyen/dev/sdk/pico-sdk/src/rp2_common/hardware_timer/timer.c.o
 .debug_str     0x00004a09      0xc04 CMakeFiles/hello_world.dir/Users/vaughnnguyen/dev/sdk/pico-sdk/src/rp2_common/hardware_uart/uart.c.o
 .debug_str     0x00004a09      0x9aa CMakeFiles/hello_world.dir/Users/vaughnnguyen/dev/sdk/pico-sdk/src/rp2_common/hardware_clocks/clocks.c.o
 .debug_str     0x00004a09      0x46d CMakeFiles/hello_world.dir/Users/vaughnnguyen/dev/sdk/pico-sdk/src/rp2_common/hardware_pll/pll.c.o
 .debug_str     0x00004a09      0x29c CMakeFiles/hello_world.dir/Users/vaughnnguyen/dev/sdk/pico-sdk/src/rp2_common/hardware_ticks/ticks.c.o
 .debug_str     0x00004a09      0x361 CMakeFiles/hello_world.dir/Users/vaughnnguyen/dev/sdk/pico-sdk/src/rp2_common/pico_bootrom/bootrom.c.o
 .debug_str     0x00004a09      0x251 CMakeFiles/hello_world.dir/Users/vaughnnguyen/dev/sdk/pico-sdk/src/rp2_common/hardware_xosc/xosc.c.o
 .debug_str     0x00004a09      0x2a1 CMakeFiles/hello_world.dir/Users/vaughnnguyen/dev/sdk/pico-sdk/src/rp2_common/pico_runtime/runtime.c.o
 .debug_str     0x00004a09      0x795 CMakeFiles/hello_world.dir/Users/vaughnnguyen/dev/sdk/pico-sdk/src/rp2_common/pico_runtime_init/runtime_init.c.o
 .debug_str     0x00004a09      0x4a9 CMakeFiles/hello_world.dir/Users/vaughnnguyen/dev/sdk/pico-sdk/src/rp2_common/pico_runtime_init/runtime_init_clocks.c.o
 .debug_str     0x00004a09       0xa4 CMakeFiles/hello_world.dir/Users/vaughnnguyen/dev/sdk/pico-sdk/src/rp2_common/pico_bit_ops/bit_ops_aeabi.S.o
 .debug_str     0x00004a09       0xa7 CMakeFiles/hello_world.dir/Users/vaughnnguyen/dev/sdk/pico-sdk/src/rp2_common/pico_divider/divider_hardware.S.o
 .debug_str     0x00004a09       0xa9 CMakeFiles/hello_world.dir/Users/vaughnnguyen/dev/sdk/pico-sdk/src/rp2_common/pico_double/double_aeabi_rp2040.S.o
 .debug_str     0x00004a09      0x2ca CMakeFiles/hello_world.dir/Users/vaughnnguyen/dev/sdk/pico-sdk/src/rp2_common/pico_double/double_init_rom_rp2040.c.o
 .debug_str     0x00004a09       0xaf CMakeFiles/hello_world.dir/Users/vaughnnguyen/dev/sdk/pico-sdk/src/rp2_common/pico_double/double_v1_rom_shim_rp2040.S.o
 .debug_str     0x00004a09       0xa7 CMakeFiles/hello_world.dir/Users/vaughnnguyen/dev/sdk/pico-sdk/src/rp2_common/pico_float/float_aeabi_rp2040.S.o
 .debug_str     0x00004a09      0x2af CMakeFiles/hello_world.dir/Users/vaughnnguyen/dev/sdk/pico-sdk/src/rp2_common/pico_float/float_init_rom_rp2040.c.o
 .debug_str     0x00004a09       0xad CMakeFiles/hello_world.dir/Users/vaughnnguyen/dev/sdk/pico-sdk/src/rp2_common/pico_float/float_v1_rom_shim_rp2040.S.o
 .debug_str     0x00004a09       0xa4 CMakeFiles/hello_world.dir/Users/vaughnnguyen/dev/sdk/pico-sdk/src/rp2_common/pico_mem_ops/mem_ops_aeabi.S.o